Component: ARM Compiler 5.06 update 7 (build 960) Tool: armlink [4d3601]

==============================================================================

Section Cross References

    startup_stm32l475xx.o(RESET) refers to startup_stm32l475xx.o(STACK) for __initial_sp
    startup_stm32l475xx.o(RESET) refers to startup_stm32l475xx.o(.text) for Reset_Handler
    startup_stm32l475xx.o(RESET) refers to stm32l4xx_it.o(i.NMI_Handler) for NMI_Handler
    startup_stm32l475xx.o(RESET) refers to stm32l4xx_it.o(i.HardFault_Handler) for HardFault_Handler
    startup_stm32l475xx.o(RESET) refers to stm32l4xx_it.o(i.MemManage_Handler) for MemManage_Handler
    startup_stm32l475xx.o(RESET) refers to stm32l4xx_it.o(i.BusFault_Handler) for BusFault_Handler
    startup_stm32l475xx.o(RESET) refers to stm32l4xx_it.o(i.UsageFault_Handler) for UsageFault_Handler
    startup_stm32l475xx.o(RESET) refers to stm32l4xx_it.o(i.SVC_Handler) for SVC_Handler
    startup_stm32l475xx.o(RESET) refers to stm32l4xx_it.o(i.DebugMon_Handler) for DebugMon_Handler
    startup_stm32l475xx.o(RESET) refers to stm32l4xx_it.o(i.PendSV_Handler) for PendSV_Handler
    startup_stm32l475xx.o(RESET) refers to stm32l4xx_it.o(i.SysTick_Handler) for SysTick_Handler
    startup_stm32l475xx.o(RESET) refers to stm32l4xx_it.o(i.EXTI4_IRQHandler) for EXTI4_IRQHandler
    startup_stm32l475xx.o(RESET) refers to stm32l4xx_it.o(i.TIM1_UP_TIM16_IRQHandler) for TIM1_UP_TIM16_IRQHandler
    startup_stm32l475xx.o(RESET) refers to stm32l4xx_it.o(i.USART1_IRQHandler) for USART1_IRQHandler
    startup_stm32l475xx.o(RESET) refers to stm32l4xx_it.o(i.USART2_IRQHandler) for USART2_IRQHandler
    startup_stm32l475xx.o(RESET) refers to stm32l4xx_it.o(i.USART3_IRQHandler) for USART3_IRQHandler
    startup_stm32l475xx.o(RESET) refers to stm32l4xx_it.o(i.TIM7_IRQHandler) for TIM7_IRQHandler
    startup_stm32l475xx.o(.text) refers to system_stm32l4xx.o(i.SystemInit) for SystemInit
    startup_stm32l475xx.o(.text) refers to entry.o(.ARM.Collect$$$$00000000) for __main
    main.o(i.HAL_GPIO_EXTI_Callback) refers to stm32l4xx_hal_gpio.o(i.HAL_GPIO_ReadPin) for HAL_GPIO_ReadPin
    main.o(i.HAL_GPIO_EXTI_Callback) refers to stm32l4xx_hal.o(i.HAL_Delay) for HAL_Delay
    main.o(i.HAL_GPIO_EXTI_Callback) refers to hmi.o(i.LCD_ShowText) for LCD_ShowText
    main.o(i.HAL_GPIO_EXTI_Callback) refers to printf6.o(i.__0sprintf$6) for __2sprintf
    main.o(i.HAL_GPIO_EXTI_Callback) refers to strlen.o(.text) for strlen
    main.o(i.HAL_GPIO_EXTI_Callback) refers to stm32l4xx_hal_uart.o(i.HAL_UART_Transmit) for HAL_UART_Transmit
    main.o(i.HAL_GPIO_EXTI_Callback) refers to stm32l4xx_hal_tim.o(i.HAL_TIM_Base_Start_IT) for HAL_TIM_Base_Start_IT
    main.o(i.HAL_GPIO_EXTI_Callback) refers to main.o(.data) for .data
    main.o(i.HAL_GPIO_EXTI_Callback) refers to main.o(.bss) for .bss
    main.o(i.HAL_GPIO_EXTI_Callback) refers to usart.o(.bss) for huart2
    main.o(i.HAL_GPIO_EXTI_Callback) refers to tim.o(.bss) for htim7
    main.o(i.HAL_TIM_PeriodElapsedCallback) refers to stm32l4xx_hal_tim.o(i.HAL_TIM_Base_Stop_IT) for HAL_TIM_Base_Stop_IT
    main.o(i.HAL_TIM_PeriodElapsedCallback) refers to hmi.o(i.LCD_ShowText) for LCD_ShowText
    main.o(i.HAL_TIM_PeriodElapsedCallback) refers to stm32l4xx_hal_rtc.o(i.HAL_RTC_GetTime) for HAL_RTC_GetTime
    main.o(i.HAL_TIM_PeriodElapsedCallback) refers to printf6.o(i.__0printf$6) for __2printf
    main.o(i.HAL_TIM_PeriodElapsedCallback) refers to stm32l4xx_hal_rtc.o(i.HAL_RTC_GetDate) for HAL_RTC_GetDate
    main.o(i.HAL_TIM_PeriodElapsedCallback) refers to main.o(.data) for .data
    main.o(i.HAL_TIM_PeriodElapsedCallback) refers to tim.o(.bss) for htim15
    main.o(i.HAL_TIM_PeriodElapsedCallback) refers to main.o(.bss) for .bss
    main.o(i.HAL_TIM_PeriodElapsedCallback) refers to rtc.o(.bss) for hrtc
    main.o(i.SystemClock_Config) refers to memseta.o(.text) for __aeabi_memclr4
    main.o(i.SystemClock_Config) refers to stm32l4xx_hal_pwr_ex.o(i.HAL_PWREx_ControlVoltageScaling) for HAL_PWREx_ControlVoltageScaling
    main.o(i.SystemClock_Config) refers to stm32l4xx_hal_pwr.o(i.HAL_PWR_EnableBkUpAccess) for HAL_PWR_EnableBkUpAccess
    main.o(i.SystemClock_Config) refers to stm32l4xx_hal_rcc.o(i.HAL_RCC_OscConfig) for HAL_RCC_OscConfig
    main.o(i.SystemClock_Config) refers to stm32l4xx_hal_rcc.o(i.HAL_RCC_ClockConfig) for HAL_RCC_ClockConfig
    main.o(i.fputc) refers to stm32l4xx_hal_uart.o(i.HAL_UART_Transmit) for HAL_UART_Transmit
    main.o(i.fputc) refers to usart.o(.bss) for huart1
    main.o(i.main) refers to _scanf_int.o(.text) for _scanf_int
    main.o(i.main) refers to _scanf_str.o(.text) for _scanf_string
    main.o(i.main) refers to stm32l4xx_hal.o(i.HAL_Init) for HAL_Init
    main.o(i.main) refers to main.o(i.SystemClock_Config) for SystemClock_Config
    main.o(i.main) refers to gpio.o(i.MX_GPIO_Init) for MX_GPIO_Init
    main.o(i.main) refers to dma.o(i.MX_DMA_Init) for MX_DMA_Init
[...]
    startup_stm32l475xx.s                    0x00000000   Number         0  startup_stm32l475xx.o ABSOLUTE
    RESET                                    0x08000000   Section      392  startup_stm32l475xx.o(RESET)
    .ARM.Collect$$$$00000000                 0x08000188   Section        0  entry.o(.ARM.Collect$$$$00000000)
    .ARM.Collect$$$$00000001                 0x08000188   Section        4  entry2.o(.ARM.Collect$$$$00000001)
    .ARM.Collect$$$$00000004                 0x0800018c   Section        4  entry5.o(.ARM.Collect$$$$00000004)
    .ARM.Collect$$$$00000008                 0x08000190   Section        0  entry7b.o(.ARM.Collect$$$$00000008)
    .ARM.Collect$$$$0000000A                 0x08000190   Section        0  entry8b.o(.ARM.Collect$$$$0000000A)
    .ARM.Collect$$$$0000000B                 0x08000190   Section        8  entry9a.o(.ARM.Collect$$$$0000000B)
    .ARM.Collect$$$$0000000E                 0x08000198   Section        4  entry12b.o(.ARM.Collect$$$$0000000E)
    .ARM.Collect$$$$0000000F                 0x0800019c   Section        0  entry10a.o(.ARM.Collect$$$$0000000F)
    .ARM.Collect$$$$00000011                 0x0800019c   Section        0  entry11a.o(.ARM.Collect$$$$00000011)
    .ARM.Collect$$$$00002712                 0x0800019c   Section        4  entry2.o(.ARM.Collect$$$$00002712)
    __lit__00000000                          0x0800019c   Data           4  entry2.o(.ARM.Collect$$$$00002712)
    .text                                    0x080001a0   Section       36  startup_stm32l475xx.o(.text)
    $v0                                      0x080001a0   Number         0  startup_stm32l475xx.o(.text)
    .text                                    0x080001c4   Section        0  uldiv.o(.text)
    .text                                    0x0800022c   Section        0  memseta.o(.text)
    .text                                    0x08000250   Section        0  strstr.o(.text)
    .text                                    0x08000274   Section        0  strlen.o(.text)
    .text                                    0x08000282   Section        0  strcpy.o(.text)
    .text                                    0x08000294   Section        0  __0sscanf.o(.text)
    .text                                    0x080002cc   Section        0  _scanf_int.o(.text)
    .text                                    0x0800041e   Section        0  _scanf_str.o(.text)
    .text                                    0x08000504   Section        0  uidiv.o(.text)
    .text                                    0x08000530   Section        0  llshl.o(.text)
    .text                                    0x0800054e   Section        0  llushr.o(.text)
    .text                                    0x0800056e   Section        0  _chval.o(.text)
    .text                                    0x0800058c   Section        0  scanf_char.o(.text)
    _scanf_char_input                        0x0800058d   Thumb Code    12  scanf_char.o(.text)
    .text                                    0x080005b4   Section        0  _sgetc.o(.text)
    .text                                    0x080005f4   Section       36  init.o(.text)
    .text                                    0x08000618   Section        0  isspace_c.o(.text)
    .text                                    0x08000624   Section        0  _scanf.o(.text)
    .text                                    0x0800095c   Section        0  ctype_c.o(.text)
    i.BusFault_Handler                       0x08000984   Section        0  stm32l4xx_it.o(i.BusFault_Handler)
    i.Connect                                0x08000988   Section        0  mqtt.o(i.Connect)
    i.DAC_DMAConvCpltCh1                     0x08000a4e   Section        0  stm32l4xx_hal_dac.o(i.DAC_DMAConvCpltCh1)
    i.DAC_DMAConvCpltCh2                     0x08000a5e   Section        0  stm32l4xx_hal_dac_ex.o(i.DAC_DMAConvCpltCh2)
    i.DAC_DMAErrorCh1                        0x08000a6e   Section        0  stm32l4xx_hal_dac.o(i.DAC_DMAErrorCh1)
    i.DAC_DMAErrorCh2                        0x08000a86   Section        0  stm32l4xx_hal_dac_ex.o(i.DAC_DMAErrorCh2)
    i.DAC_DMAHalfConvCpltCh1                 0x08000a9e   Section        0  stm32l4xx_hal_dac.o(i.DAC_DMAHalfConvCpltCh1)
    i.DAC_DMAHalfConvCpltCh2                 0x08000aa8   Section        0  stm32l4xx_hal_dac_ex.o(i.DAC_DMAHalfConvCpltCh2)
    i.DMA_SetConfig                          0x08000ab2   Section        0  stm32l4xx_hal_dma.o(i.DMA_SetConfig)
    DMA_SetConfig                            0x08000ab3   Thumb Code    46  stm32l4xx_hal_dma.o(i.DMA_SetConfig)
    i.DebugMon_Handler                       0x08000ae0   Section        0  stm32l4xx_it.o(i.DebugMon_Handler)
    i.EXTI4_IRQHandler                       0x08000ae2   Section        0  stm32l4xx_it.o(i.EXTI4_IRQHandler)
    i.Error_Handler                          0x08000ae8   Section        0  main.o(i.Error_Handler)
    i.HAL_DACEx_ConvCpltCallbackCh2          0x08000aec   Section        0  stm32l4xx_hal_dac_ex.o(i.HAL_DACEx_ConvCpltCallbackCh2)
    i.HAL_DACEx_ConvHalfCpltCallbackCh2      0x08000aee   Section        0  stm32l4xx_hal_dac_ex.o(i.HAL_DACEx_ConvHalfCpltCallbackCh2)
    i.HAL_DACEx_ErrorCallbackCh2             0x08000af0   Section        0  stm32l4xx_hal_dac_ex.o(i.HAL_DACEx_ErrorCallbackCh2)
    i.HAL_DAC_ConfigChannel                  0x08000af2   Section        0  stm32l4xx_hal_dac.o(i.HAL_DAC_ConfigChannel)
    i.HAL_DAC_ConvCpltCallbackCh1            0x08000c10   Section        0  stm32l4xx_hal_dac.o(i.HAL_DAC_ConvCpltCallbackCh1)
    i.HAL_DAC_ConvHalfCpltCallbackCh1        0x08000c12   Section        0  stm32l4xx_hal_dac.o(i.HAL_DAC_ConvHalfCpltCallbackCh1)
    i.HAL_DAC_ErrorCallbackCh1               0x08000c14   Section        0  stm32l4xx_hal_dac.o(i.HAL_DAC_ErrorCallbackCh1)
    i.HAL_DAC_Init                           0x08000c16   Section        0  stm32l4xx_hal_dac.o(i.HAL_DAC_Init)
    i.HAL_DAC_MspInit                        0x08000c40   Section        0  dac.o(i.HAL_DAC_MspInit)
    i.HAL_DAC_Start_DMA                      0x08000cd0   Section        0  stm32l4xx_hal_dac.o(i.HAL_DAC_Start_DMA)
    i.HAL_DAC_Stop_DMA                       0x08000de0   Section        0  stm32l4xx_hal_dac.o(i.HAL_DAC_Stop_DMA)
    i.HAL_DMA_Abort                          0x08000e28   Section        0  stm32l4xx_hal_dma.o(i.HAL_DMA_Abort)
    i.HAL_DMA_Abort_IT                       0x08000e72   Section        0  stm32l4xx_hal_dma.o(i.HAL_DMA_Abort_IT)
    i.HAL_DMA_Init                           0x08000ec0   Section        0  stm32l4xx_hal_dma.o(i.HAL_DMA_Init)
    i.HAL_DMA_Start_IT                       0x08000f80   Section        0  stm32l4xx_hal_dma.o(i.HAL_DMA_Start_IT)
    i.HAL_Delay                              0x08000ff0   Section        0  stm32l4xx_hal.o(i.HAL_Delay)
    i.HAL_GPIO_EXTI_Callback                 0x08001014   Section        0  main.o(i.HAL_GPIO_EXTI_Callback)
    i.HAL_GPIO_EXTI_IRQHandler               0x08001128   Section        0  stm32l4xx_hal_gpio.o(i.HAL_GPIO_EXTI_IRQHandler)
    i.HAL_GPIO_Init                          0x08001140   Section        0  stm32l4xx_hal_gpio.o(i.HAL_GPIO_Init)
    i.HAL_GPIO_ReadPin                       0x0800135e   Section        0  stm32l4xx_hal_gpio.o(i.HAL_GPIO_ReadPin)
    i.HAL_GPIO_WritePin                      0x08001368   Section        0  stm32l4xx_hal_gpio.o(i.HAL_GPIO_WritePin)
    i.HAL_GetTick                            0x08001374   Section        0  stm32l4xx_hal.o(i.HAL_GetTick)
    i.HAL_IncTick                            0x08001380   Section        0  stm32l4xx_hal.o(i.HAL_IncTick)
    i.HAL_Init                               0x08001390   Section        0  stm32l4xx_hal.o(i.HAL_Init)
    i.HAL_InitTick                           0x080013b0   Section        0  stm32l4xx_hal.o(i.HAL_InitTick)
    i.HAL_MspInit                            0x080013f4   Section        0  stm32l4xx_hal_msp.o(i.HAL_MspInit)
    i.HAL_NVIC_EnableIRQ                     0x08001424   Section        0  stm32l4xx_hal_cortex.o(i.HAL_NVIC_EnableIRQ)
    i.HAL_NVIC_SetPriority                   0x08001440   Section        0  stm32l4xx_hal_cortex.o(i.HAL_NVIC_SetPriority)
    i.HAL_NVIC_SetPriorityGrouping           0x08001480   Section        0  stm32l4xx_hal_cortex.o(i.HAL_NVIC_SetPriorityGrouping)
    i.HAL_PWREx_ControlVoltageScaling        0x080014a4   Section        0  stm32l4xx_hal_pwr_ex.o(i.HAL_PWREx_ControlVoltageScaling)
    i.HAL_PWREx_GetVoltageRange              0x0800150c   Section        0  stm32l4xx_hal_pwr_ex.o(i.HAL_PWREx_GetVoltageRange)
    i.HAL_PWR_EnableBkUpAccess               0x0800151c   Section        0  stm32l4xx_hal_pwr.o(i.HAL_PWR_EnableBkUpAccess)
    i.HAL_RCCEx_PeriphCLKConfig              0x0800152c   Section        0  stm32l4xx_hal_rcc_ex.o(i.HAL_RCCEx_PeriphCLKConfig)
    i.HAL_RCC_ClockConfig                    0x080018dc   Section        0  stm32l4xx_hal_rcc.o(i.HAL_RCC_ClockConfig)
    i.HAL_RCC_GetPCLK1Freq                   0x08001a20   Section        0  stm32l4xx_hal_rcc.o(i.HAL_RCC_GetPCLK1Freq)
    i.HAL_RCC_GetPCLK2Freq                   0x08001a44   Section        0  stm32l4xx_hal_rcc.o(i.HAL_RCC_GetPCLK2Freq)
    i.HAL_RCC_GetSysClockFreq                0x08001a68   Section        0  stm32l4xx_hal_rcc.o(i.HAL_RCC_GetSysClockFreq)
    i.HAL_RCC_OscConfig                      0x08001b0c   Section        0  stm32l4xx_hal_rcc.o(i.HAL_RCC_OscConfig)
    i.HAL_RTCEx_SetWakeUpTimer               0x08002024   Section        0  stm32l4xx_hal_rtc_ex.o(i.HAL_RTCEx_SetWakeUpTimer)
    i.HAL_RTC_GetDate                        0x080020d8   Section        0  stm32l4xx_hal_rtc.o(i.HAL_RTC_GetDate)
    i.HAL_RTC_GetTime                        0x0800211c   Section        0  stm32l4xx_hal_rtc.o(i.HAL_RTC_GetTime)
    i.HAL_RTC_Init                           0x08002170   Section        0  stm32l4xx_hal_rtc.o(i.HAL_RTC_Init)
    i.HAL_RTC_MspInit                        0x0800220c   Section        0  rtc.o(i.HAL_RTC_MspInit)
    i.HAL_RTC_SetDate                        0x08002250   Section        0  stm32l4xx_hal_rtc.o(i.HAL_RTC_SetDate)
    i.HAL_RTC_SetTime                        0x080022f0   Section        0  stm32l4xx_hal_rtc.o(i.HAL_RTC_SetTime)
    i.HAL_RTC_WaitForSynchro                 0x080023bc   Section        0  stm32l4xx_hal_rtc.o(i.HAL_RTC_WaitForSynchro)
    i.HAL_SYSTICK_Config                     0x080023f2   Section        0  stm32l4xx_hal_cortex.o(i.HAL_SYSTICK_Config)
    i.HAL_TIMEx_Break2Callback               0x0800241a   Section        0  stm32l4xx_hal_tim_ex.o(i.HAL_TIMEx_Break2Callback)
    i.HAL_TIMEx_BreakCallback                0x0800241c   Section        0  stm32l4xx_hal_tim_ex.o(i.HAL_TIMEx_BreakCallback)
    i.HAL_TIMEx_CommutCallback               0x0800241e   Section        0  stm32l4xx_hal_tim_ex.o(i.HAL_TIMEx_CommutCallback)
    i.HAL_TIMEx_ConfigBreakDeadTime          0x08002420   Section        0  stm32l4xx_hal_tim_ex.o(i.HAL_TIMEx_ConfigBreakDeadTime)
    i.HAL_TIMEx_MasterConfigSynchronization  0x080024ac   Section        0  stm32l4xx_hal_tim_ex.o(i.HAL_TIMEx_MasterConfigSynchronization)
    i.HAL_TIM_Base_Init                      0x08002548   Section        0  stm32l4xx_hal_tim.o(i.HAL_TIM_Base_Init)
    i.HAL_TIM_Base_MspInit                   0x080025ac   Section        0  tim.o(i.HAL_TIM_Base_MspInit)
    i.HAL_TIM_Base_Start                     0x08002628   Section        0  stm32l4xx_hal_tim.o(i.HAL_TIM_Base_Start)
    i.HAL_TIM_Base_Start_IT                  0x080026a0   Section        0  stm32l4xx_hal_tim.o(i.HAL_TIM_Base_Start_IT)
    i.HAL_TIM_Base_Stop_IT                   0x08002720   Section        0  stm32l4xx_hal_tim.o(i.HAL_TIM_Base_Stop_IT)
    i.HAL_TIM_IC_CaptureCallback             0x08002750   Section        0  stm32l4xx_hal_tim.o(i.HAL_TIM_IC_CaptureCallback)
    i.HAL_TIM_IRQHandler                     0x08002752   Section        0  stm32l4xx_hal_tim.o(i.HAL_TIM_IRQHandler)
    i.HAL_TIM_MspPostInit                    0x080028d8   Section        0  tim.o(i.HAL_TIM_MspPostInit)
    i.HAL_TIM_OC_DelayElapsedCallback        0x0800292c   Section        0  stm32l4xx_hal_tim.o(i.HAL_TIM_OC_DelayElapsedCallback)
    i.HAL_TIM_PWM_ConfigChannel              0x0800292e   Section        0  stm32l4xx_hal_tim.o(i.HAL_TIM_PWM_ConfigChannel)
    i.HAL_TIM_PWM_Init                       0x08002a52   Section        0  stm32l4xx_hal_tim.o(i.HAL_TIM_PWM_Init)
    i.HAL_TIM_PWM_MspInit                    0x08002ab4   Section        0  tim.o(i.HAL_TIM_PWM_MspInit)
    i.HAL_TIM_PWM_PulseFinishedCallback      0x08002adc   Section        0  stm32l4xx_hal_tim.o(i.HAL_TIM_PWM_PulseFinishedCallback)
    i.HAL_TIM_PWM_Start                      0x08002ae0   Section        0  stm32l4xx_hal_tim.o(i.HAL_TIM_PWM_Start)
    i.HAL_TIM_PeriodElapsedCallback          0x08002be4   Section        0  main.o(i.HAL_TIM_PeriodElapsedCallback)
    i.HAL_TIM_TriggerCallback                0x08002c84   Section        0  stm32l4xx_hal_tim.o(i.HAL_TIM_TriggerCallback)
    i.HAL_UARTEx_RxEventCallback             0x08002c86   Section        0  stm32l4xx_hal_uart.o(i.HAL_UARTEx_RxEventCallback)
    i.HAL_UARTEx_WakeupCallback              0x08002c88   Section        0  stm32l4xx_hal_uart_ex.o(i.HAL_UARTEx_WakeupCallback)
    i.HAL_UART_ErrorCallback                 0x08002c8a   Section        0  stm32l4xx_hal_uart.o(i.HAL_UART_ErrorCallback)
    i.HAL_UART_IRQHandler                    0x08002c8c   Section        0  stm32l4xx_hal_uart.o(i.HAL_UART_IRQHandler)
    i.HAL_UART_Init                          0x08002f20   Section        0  stm32l4xx_hal_uart.o(i.HAL_UART_Init)
    i.HAL_UART_MspInit                       0x08002f88   Section        0  usart.o(i.HAL_UART_MspInit)
    i.HAL_UART_Receive_IT                    0x080030e0   Section        0  stm32l4xx_hal_uart.o(i.HAL_UART_Receive_IT)
    i.HAL_UART_RxCpltCallback                0x08003134   Section        0  usart.o(i.HAL_UART_RxCpltCallback)
    i.HAL_UART_Transmit                      0x080031c0   Section        0  stm32l4xx_hal_uart.o(i.HAL_UART_Transmit)
    i.HAL_UART_TxCpltCallback                0x08003276   Section        0  stm32l4xx_hal_uart.o(i.HAL_UART_TxCpltCallback)
    i.HardFault_Handler                      0x08003278   Section        0  stm32l4xx_it.o(i.HardFault_Handler)
    i.LCD_ShowText                           0x0800327c   Section        0  hmi.o(i.LCD_ShowText)
    i.MQTT_Connect_new                       0x080032a8   Section        0  mqtt.o(i.MQTT_Connect_new)
    i.MX_DAC1_Init                           0x080034cc   Section        0  dac.o(i.MX_DAC1_Init)
    i.MX_DMA_Init                            0x08003518   Section        0  dma.o(i.MX_DMA_Init)
    i.MX_GPIO_Init                           0x08003534   Section        0  gpio.o(i.MX_GPIO_Init)
    i.MX_RTC_Init                            0x080035d4   Section        0  rtc.o(i.MX_RTC_Init)
    i.MX_TIM15_Init                          0x08003668   Section        0  tim.o(i.MX_TIM15_Init)
    i.MX_TIM16_Init                          0x0800370c   Section        0  tim.o(i.MX_TIM16_Init)
    i.MX_TIM6_Init                           0x08003744   Section        0  tim.o(i.MX_TIM6_Init)
    i.MX_TIM7_Init                           0x0800378c   Section        0  tim.o(i.MX_TIM7_Init)
    i.MX_USART1_UART_Init                    0x080037d8   Section        0  usart.o(i.MX_USART1_UART_Init)
    i.MX_USART2_UART_Init                    0x08003814   Section        0  usart.o(i.MX_USART2_UART_Init)
    i.MX_USART3_UART_Init                    0x08003850   Section        0  usart.o(i.MX_USART3_UART_Init)
    i.MemManage_Handler                      0x0800388c   Section        0  stm32l4xx_it.o(i.MemManage_Handler)
    i.NMI_Handler                            0x0800388e   Section        0  stm32l4xx_it.o(i.NMI_Handler)
    i.PendSV_Handler                         0x08003890   Section        0  stm32l4xx_it.o(i.PendSV_Handler)
    i.RCCEx_PLLSAI1_Config                   0x08003894   Section        0  stm32l4xx_hal_rcc_ex.o(i.RCCEx_PLLSAI1_Config)
    RCCEx_PLLSAI1_Config                     0x08003895   Thumb Code   278  stm32l4xx_hal_rcc_ex.o(i.RCCEx_PLLSAI1_Config)
    i.RCCEx_PLLSAI2_Config                   0x080039c0   Section        0  stm32l4xx_hal_rcc_ex.o(i.RCCEx_PLLSAI2_Config)
    RCCEx_PLLSAI2_Config                     0x080039c1   Thumb Code   250  stm32l4xx_hal_rcc_ex.o(i.RCCEx_PLLSAI2_Config)
    i.RCC_SetFlashLatencyFromMSIRange        0x08003ac8   Section        0  stm32l4xx_hal_rcc.o(i.RCC_SetFlashLatencyFromMSIRange)
    RCC_SetFlashLatencyFromMSIRange          0x08003ac9   Thumb Code   116  stm32l4xx_hal_rcc.o(i.RCC_SetFlashLatencyFromMSIRange)
    i.RTC_Bcd2ToByte                         0x08003b44   Section        0  stm32l4xx_hal_rtc.o(i.RTC_Bcd2ToByte)
    i.RTC_ByteToBcd2                         0x08003b56   Section        0  stm32l4xx_hal_rtc.o(i.RTC_ByteToBcd2)
    i.RTC_EnterInitMode                      0x08003b70   Section        0  stm32l4xx_hal_rtc.o(i.RTC_EnterInitMode)
    i.RTC_ExitInitMode                       0x08003bb8   Section        0  stm32l4xx_hal_rtc.o(i.RTC_ExitInitMode)
    i.SVC_Handler                            0x08003c10   Section        0  stm32l4xx_it.o(i.SVC_Handler)
    i.SysTick_Handler                        0x08003c12   Section        0  stm32l4xx_it.o(i.SysTick_Handler)
    i.SystemClock_Config                     0x08003c18   Section        0  main.o(i.SystemClock_Config)
    i.SystemInit                             0x08003ca0   Section        0  system_stm32l4xx.o(i.SystemInit)
    i.TIM1_UP_TIM16_IRQHandler               0x08003cb0   Section        0  stm32l4xx_it.o(i.TIM1_UP_TIM16_IRQHandler)
    i.TIM7_IRQHandler                        0x08003cbc   Section        0  stm32l4xx_it.o(i.TIM7_IRQHandler)
    i.TIM_Base_SetConfig                     0x08003cc8   Section        0  stm32l4xx_hal_tim.o(i.TIM_Base_SetConfig)
    i.TIM_CCxChannelCmd                      0x08003d88   Section        0  stm32l4xx_hal_tim.o(i.TIM_CCxChannelCmd)
    i.TIM_OC1_SetConfig                      0x08003da4   Section        0  stm32l4xx_hal_tim.o(i.TIM_OC1_SetConfig)
    TIM_OC1_SetConfig                        0x08003da5   Thumb Code   132  stm32l4xx_hal_tim.o(i.TIM_OC1_SetConfig)
    i.TIM_OC2_SetConfig                      0x08003e40   Section        0  stm32l4xx_hal_tim.o(i.TIM_OC2_SetConfig)
    i.TIM_OC3_SetConfig                      0x08003ed0   Section        0  stm32l4xx_hal_tim.o(i.TIM_OC3_SetConfig)
    TIM_OC3_SetConfig                        0x08003ed1   Thumb Code   118  stm32l4xx_hal_tim.o(i.TIM_OC3_SetConfig)
    i.TIM_OC4_SetConfig                      0x08003f60   Section        0  stm32l4xx_hal_tim.o(i.TIM_OC4_SetConfig)
    TIM_OC4_SetConfig                        0x08003f61   Thumb Code    92  stm32l4xx_hal_tim.o(i.TIM_OC4_SetConfig)
    i.TIM_OC5_SetConfig                      0x08003fd4   Section        0  stm32l4xx_hal_tim.o(i.TIM_OC5_SetConfig)
    TIM_OC5_SetConfig                        0x08003fd5   Thumb Code    86  stm32l4xx_hal_tim.o(i.TIM_OC5_SetConfig)
    i.TIM_OC6_SetConfig                      0x08004044   Section        0  stm32l4xx_hal_tim.o(i.TIM_OC6_SetConfig)
    TIM_OC6_SetConfig                        0x08004045   Thumb Code    88  stm32l4xx_hal_tim.o(i.TIM_OC6_SetConfig)
    i.UART_AdvFeatureConfig                  0x080040b4   Section        0  stm32l4xx_hal_uart.o(i.UART_AdvFeatureConfig)
    i.UART_CheckIdleState                    0x0800417c   Section        0  stm32l4xx_hal_uart.o(i.UART_CheckIdleState)
    i.UART_DMAAbortOnError                   0x080041d8   Section        0  stm32l4xx_hal_uart.o(i.UART_DMAAbortOnError)
    UART_DMAAbortOnError                     0x080041d9   Thumb Code    20  stm32l4xx_hal_uart.o(i.UART_DMAAbortOnError)
    i.UART_EndRxTransfer                     0x080041ec   Section        0  stm32l4xx_hal_uart.o(i.UART_EndRxTransfer)
    UART_EndRxTransfer                       0x080041ed   Thumb Code    74  stm32l4xx_hal_uart.o(i.UART_EndRxTransfer)
    i.UART_RxISR_16BIT                       0x08004236   Section        0  stm32l4xx_hal_uart.o(i.UART_RxISR_16BIT)
    UART_RxISR_16BIT                         0x08004237   Thumb Code   158  stm32l4xx_hal_uart.o(i.UART_RxISR_16BIT)
    i.UART_RxISR_8BIT                        0x080042d4   Section        0  stm32l4xx_hal_uart.o(i.UART_RxISR_8BIT)
    UART_RxISR_8BIT                          0x080042d5   Thumb Code   158  stm32l4xx_hal_uart.o(i.UART_RxISR_8BIT)
    i.UART_SetConfig                         0x08004374   Section        0  stm32l4xx_hal_uart.o(i.UART_SetConfig)
    i.UART_Start_Receive_IT                  0x080045bc   Section        0  stm32l4xx_hal_uart.o(i.UART_Start_Receive_IT)
    i.UART_WaitOnFlagUntilTimeout            0x08004674   Section        0  stm32l4xx_hal_uart.o(i.UART_WaitOnFlagUntilTimeout)
    i.USART1_IRQHandler                      0x0800473c   Section        0  stm32l4xx_it.o(i.USART1_IRQHandler)
    i.USART2_IRQHandler                      0x08004748   Section        0  stm32l4xx_it.o(i.USART2_IRQHandler)
    i.USART3_IRQHandler                      0x08004754   Section        0  stm32l4xx_it.o(i.USART3_IRQHandler)
    i.UsageFault_Handler                     0x08004760   Section        0  stm32l4xx_it.o(i.UsageFault_Handler)
    i.__0printf$6                            0x08004764   Section        0  printf6.o(i.__0printf$6)
    i.__0sprintf$6                           0x08004784   Section        0  printf6.o(i.__0sprintf$6)
    i.__NVIC_SetPriority                     0x080047ac   Section        0  stm32l4xx_hal_cortex.o(i.__NVIC_SetPriority)
    __NVIC_SetPriority                       0x080047ad   Thumb Code    32  stm32l4xx_hal_cortex.o(i.__NVIC_SetPriority)
    i.__scatterload_copy                     0x080047cc   Section       14  handlers.o(i.__scatterload_copy)
    i.__scatterload_null                     0x080047da   Section        2  handlers.o(i.__scatterload_null)
    i.__scatterload_zeroinit                 0x080047dc   Section       14  handlers.o(i.__scatterload_zeroinit)
    i._printf_core                           0x080047ec   Section        0  printf6.o(i._printf_core)
    _printf_core                             0x080047ed   Thumb Code   748  printf6.o(i._printf_core)
    i._printf_post_padding                   0x08004ae2   Section        0  printf6.o(i._printf_post_padding)
    _printf_post_padding                     0x08004ae3   Thumb Code    36  printf6.o(i._printf_post_padding)
    i._printf_pre_padding                    0x08004b06   Section        0  printf6.o(i._printf_pre_padding)
    _printf_pre_padding                      0x08004b07   Thumb Code    46  printf6.o(i._printf_pre_padding)
    i._sputc                                 0x08004b34   Section        0  printf6.o(i._sputc)
    _sputc                                   0x08004b35   Thumb Code    10  printf6.o(i._sputc)
    i.fputc                                  0x08004b40   Section        0  main.o(i.fputc)
    i.him_set                                0x08004b58   Section        0  hmi.o(i.him_set)
    i.main                                   0x08004e2c   Section        0  main.o(i.main)
    i.updatetime                             0x08005398   Section        0  main.o(i.updatetime)
    .constdata                               0x08005508   Section    27252  main.o(.constdata)
    .constdata                               0x0800bf7c   Section       64  system_stm32l4xx.o(.constdata)
    .constdata                               0x0800bfbc   Section        8  system_stm32l4xx.o(.constdata)
    .constdata                               0x0800bfc4   Section      396  mqtt.o(.constdata)
    .constdata                               0x0800c150   Section       64  ctype_c.o(.constdata)
    .conststring                             0x0800c190   Section       81  hmi.o(.conststring)
    .data                                    0x20000000   Section       16  main.o(.data)
    .data                                    0x20000010   Section        8  usart.o(.data)
    .data                                    0x20000018   Section       12  stm32l4xx_hal.o(.data)
    .data                                    0x20000024   Section        4  system_stm32l4xx.o(.data)
    .data                                    0x20000028   Section       20  hmi.o(.data)
    .data                                    0x2000003c   Section        4  stdout.o(.data)
    .bss                                     0x20000040   Section      220  main.o(.bss)
    .bss                                     0x2000011c   Section       92  dac.o(.bss)
    .bss                                     0x20000178   Section       36  rtc.o(.bss)
    .bss                                     0x2000019c   Section      304  tim.o(.bss)
    .bss                                     0x200002cc   Section     1496  usart.o(.bss)
    .bss                                     0x200008a4   Section      460  hmi.o(.bss)
    STACK                                    0x20000a70   Section     1024  startup_stm32l475xx.o(STACK)

    Global Symbols

    Symbol Name                              Value     Ov Type        Size  Object(Section)

    BuildAttributes$$THM_ISAv4$E$P$D$K$B$S$7EM$VFPi3$EXTD16$VFPS$VFMA$PE$A:L22UL41UL21$X:L11$S22US41US21$IEEE1$IW$USESV6$~STKCKD$USESV7$~SHL$OSPACE$ROPI$EBA8$MICROLIB$REQ8$PRES8$EABIv2 0x00000000   Number         0  anon$$obj.o ABSOLUTE
    __ARM_use_no_argv                        0x00000000   Number         0  main.o ABSOLUTE
    _printf_a                                0x00000000   Number         0  stubs.o ABSOLUTE
    _printf_c                                0x00000000   Number         0  stubs.o ABSOLUTE
    _printf_charcount                        0x00000000   Number         0  stubs.o ABSOLUTE
    _printf_d                                0x00000000   Number         0  stubs.o ABSOLUTE
    _printf_e                                0x00000000   Number         0  stubs.o ABSOLUTE
    _printf_f                                0x00000000   Number         0  stubs.o ABSOLUTE
    _printf_flags                            0x00000000   Number         0  stubs.o ABSOLUTE
    _printf_fp_dec                           0x00000000   Number         0  stubs.o ABSOLUTE
    _printf_fp_hex                           0x00000000   Number         0  stubs.o ABSOLUTE
    _printf_g                                0x00000000   Number         0  stubs.o ABSOLUTE
    _printf_i                                0x00000000   Number         0  stubs.o ABSOLUTE
    _printf_int_dec                          0x00000000   Number         0  stubs.o ABSOLUTE
    _printf_l                                0x00000000   Number         0  stubs.o ABSOLUTE
    _printf_lc                               0x00000000   Number         0  stubs.o ABSOLUTE
    _printf_ll                               0x00000000   Number         0  stubs.o ABSOLUTE
    _printf_lld                              0x00000000   Number         0  stubs.o ABSOLUTE
    _printf_lli                              0x00000000   Number         0  stubs.o ABSOLUTE
    _printf_llo                              0x00000000   Number         0  stubs.o ABSOLUTE
    _printf_llu                              0x00000000   Number         0  stubs.o ABSOLUTE
    _printf_llx                              0x00000000   Number         0  stubs.o ABSOLUTE
    _printf_longlong_dec                     0x00000000   Number         0  stubs.o ABSOLUTE
    _printf_longlong_hex                     0x00000000   Number         0  stubs.o ABSOLUTE
    _printf_longlong_oct                     0x00000000   Number         0  stubs.o ABSOLUTE
    _printf_ls                               0x00000000   Number         0  stubs.o ABSOLUTE
    _printf_mbtowc                           0x00000000   Number         0  stubs.o ABSOLUTE
    _printf_n                                0x00000000   Number         0  stubs.o ABSOLUTE
    _printf_o                                0x00000000   Number         0  stubs.o ABSOLUTE
    _printf_p                                0x00000000   Number         0  stubs.o ABSOLUTE
    _printf_percent                          0x00000000   Number         0  stubs.o ABSOLUTE
    _printf_pre_padding                      0x00000000   Number         0  stubs.o ABSOLUTE
    _printf_return_value                     0x00000000   Number         0  stubs.o ABSOLUTE
    _printf_s                                0x00000000   Number         0  stubs.o ABSOLUTE
    _printf_sizespec                         0x00000000   Number         0  stubs.o ABSOLUTE
    _printf_str                              0x00000000   Number         0  stubs.o ABSOLUTE
    _printf_truncate_signed                  0x00000000   Number         0  stubs.o ABSOLUTE
    _printf_truncate_unsigned                0x00000000   Number         0  stubs.o ABSOLUTE
    _printf_u                                0x00000000   Number         0  stubs.o ABSOLUTE
    _printf_wc                               0x00000000   Number         0  stubs.o ABSOLUTE
    _printf_wctomb                           0x00000000   Number         0  stubs.o ABSOLUTE
    _printf_widthprec                        0x00000000   Number         0  stubs.o ABSOLUTE
    _printf_x                                0x00000000   Number         0  stubs.o ABSOLUTE
    __arm_fini_                               - Undefined Weak Reference
    __cpp_initialize__aeabi_                  - Undefined Weak Reference
    __cxa_finalize                            - Undefined Weak Reference
    __decompress                              - Undefined Weak Reference
    _clock_init                               - Undefined Weak Reference
    _microlib_exit                            - Undefined Weak Reference
    _scanf_longlong                           - Undefined Weak Reference
    _scanf_real                               - Undefined Weak Reference
    __Vectors_Size                           0x00000188   Number         0  startup_stm32l475xx.o ABSOLUTE
    __Vectors                                0x08000000   Data           4  startup_stm32l475xx.o(RESET)
    __Vectors_End                            0x08000188   Data           0  startup_stm32l475xx.o(RESET)
    __main                                   0x08000189   Thumb Code     0  entry.o(.ARM.Collect$$$$00000000)
    _main_stk                                0x08000189   Thumb Code     0  entry2.o(.ARM.Collect$$$$00000001)
    _main_scatterload                        0x0800018d   Thumb Code     0  entry5.o(.ARM.Collect$$$$00000004)
    __main_after_scatterload                 0x08000191   Thumb Code     0  entry5.o(.ARM.Collect$$$$00000004)
    _main_clock                              0x08000191   Thumb Code     0  entry7b.o(.ARM.Collect$$$$00000008)
    _main_cpp_init                           0x08000191   Thumb Code     0  entry8b.o(.ARM.Collect$$$$0000000A)
    _main_init                               0x08000191   Thumb Code     0  entry9a.o(.ARM.Collect$$$$0000000B)
    __rt_lib_shutdown_fini                   0x08000199   Thumb Code     0  entry12b.o(.ARM.Collect$$$$0000000E)
    __rt_final_cpp                           0x0800019d   Thumb Code     0  entry10a.o(.ARM.Collect$$$$0000000F)
    __rt_final_exit                          0x0800019d   Thumb Code     0  entry11a.o(.ARM.Collect$$$$00000011)
    Reset_Handler                            0x080001a1   Thumb Code     8  startup_stm32l475xx.o(.text)
    ADC1_2_IRQHandler                        0x080001bb   Thumb Code     0  startup_stm32l475xx.o(.text)
    ADC3_IRQHandler                          0x080001bb   Thumb Code     0  startup_stm32l475xx.o(.text)
    CAN1_RX0_IRQHandler                      0x080001bb   Thumb Code     0  startup_stm32l475xx.o(.text)
    CAN1_RX1_IRQHandler                      0x080001bb   Thumb Code     0  startup_stm32l475xx.o(.text)
    CAN1_SCE_IRQHandler                      0x080001bb   Thumb Code     0  startup_stm32l475xx.o(.text)
    CAN1_TX_IRQHandler                       0x080001bb   Thumb Code     0  startup_stm32l475xx.o(.text)
    COMP_IRQHandler                          0x080001bb   Thumb Code     0  startup_stm32l475xx.o(.text)
    DFSDM1_FLT0_IRQHandler                   0x080001bb   Thumb Code     0  startup_stm32l475xx.o(.text)
    DFSDM1_FLT1_IRQHandler                   0x080001bb   Thumb Code     0  startup_stm32l475xx.o(.text)
    DFSDM1_FLT2_IRQHandler                   0x080001bb   Thumb Code     0  startup_stm32l475xx.o(.text)
    DFSDM1_FLT3_IRQHandler                   0x080001bb   Thumb Code     0  startup_stm32l475xx.o(.text)
    DMA1_Channel1_IRQHandler                 0x080001bb   Thumb Code     0  startup_stm32l475xx.o(.text)
    DMA1_Channel2_IRQHandler                 0x080001bb   Thumb Code     0  startup_stm32l475xx.o(.text)
    DMA1_Channel3_IRQHandler                 0x080001bb   Thumb Code     0  startup_stm32l475xx.o(.text)
    DMA1_Channel4_IRQHandler                 0x080001bb   Thumb Code     0  startup_stm32l475xx.o(.text)
    DMA1_Channel5_IRQHandler                 0x080001bb   Thumb Code     0  startup_stm32l475xx.o(.text)
    DMA1_Channel6_IRQHandler                 0x080001bb   Thumb Code     0  startup_stm32l475xx.o(.text)
    DMA1_Channel7_IRQHandler                 0x080001bb   Thumb Code     0  startup_stm32l475xx.o(.text)
    DMA2_Channel1_IRQHandler                 0x080001bb   Thumb Code     0  startup_stm32l475xx.o(.text)
    DMA2_Channel2_IRQHandler                 0x080001bb   Thumb Code     0  startup_stm32l475xx.o(.text)
    DMA2_Channel3_IRQHandler                 0x080001bb   Thumb Code     0  startup_stm32l475xx.o(.text)
    DMA2_Channel4_IRQHandler                 0x080001bb   Thumb Code     0  startup_stm32l475xx.o(.text)
    DMA2_Channel5_IRQHandler                 0x080001bb   Thumb Code     0  startup_stm32l475xx.o(.text)
    DMA2_Channel6_IRQHandler                 0x080001bb   Thumb Code     0  startup_stm32l475xx.o(.text)
    DMA2_Channel7_IRQHandler                 0x080001bb   Thumb Code     0  startup_stm32l475xx.o(.text)
    EXTI0_IRQHandler                         0x080001bb   Thumb Code     0  startup_stm32l475xx.o(.text)
    EXTI15_10_IRQHandler                     0x080001bb   Thumb Code     0  startup_stm32l475xx.o(.text)
    EXTI1_IRQHandler                         0x080001bb   Thumb Code     0  startup_stm32l475xx.o(.text)
    EXTI2_IRQHandler                         0x080001bb   Thumb Code     0  startup_stm32l475xx.o(.text)
    EXTI3_IRQHandler                         0x080001bb   Thumb Code     0  startup_stm32l475xx.o(.text)
    EXTI9_5_IRQHandler                       0x080001bb   Thumb Code     0  startup_stm32l475xx.o(.text)
    FLASH_IRQHandler                         0x080001bb   Thumb Code     0  startup_stm32l475xx.o(.text)
    FMC_IRQHandler                           0x080001bb   Thumb Code     0  startup_stm32l475xx.o(.text)
    FPU_IRQHandler                           0x080001bb   Thumb Code     0  startup_stm32l475xx.o(.text)
    I2C1_ER_IRQHandler                       0x080001bb   Thumb Code     0  startup_stm32l475xx.o(.text)
    I2C1_EV_IRQHandler                       0x080001bb   Thumb Code     0  startup_stm32l475xx.o(.text)
    I2C2_ER_IRQHandler                       0x080001bb   Thumb Code     0  startup_stm32l475xx.o(.text)
    I2C2_EV_IRQHandler                       0x080001bb   Thumb Code     0  startup_stm32l475xx.o(.text)
    I2C3_ER_IRQHandler                       0x080001bb   Thumb Code     0  startup_stm32l475xx.o(.text)
    I2C3_EV_IRQHandler                       0x080001bb   Thumb Code     0  startup_stm32l475xx.o(.text)
    LPTIM1_IRQHandler                        0x080001bb   Thumb Code     0  startup_stm32l475xx.o(.text)
    LPTIM2_IRQHandler                        0x080001bb   Thumb Code     0  startup_stm32l475xx.o(.text)
    LPUART1_IRQHandler                       0x080001bb   Thumb Code     0  startup_stm32l475xx.o(.text)
    OTG_FS_IRQHandler                        0x080001bb   Thumb Code     0  startup_stm32l475xx.o(.text)
    PVD_PVM_IRQHandler                       0x080001bb   Thumb Code     0  startup_stm32l475xx.o(.text)
    QUADSPI_IRQHandler                       0x080001bb   Thumb Code     0  startup_stm32l475xx.o(.text)
    RCC_IRQHandler                           0x080001bb   Thumb Code     0  startup_stm32l475xx.o(.text)
    RNG_IRQHandler                           0x080001bb   Thumb Code     0  startup_stm32l475xx.o(.text)
    RTC_Alarm_IRQHandler                     0x080001bb   Thumb Code     0  startup_stm32l475xx.o(.text)
    RTC_WKUP_IRQHandler                      0x080001bb   Thumb Code     0  startup_stm32l475xx.o(.text)
    SAI1_IRQHandler                          0x080001bb   Thumb Code     0  startup_stm32l475xx.o(.text)
    SAI2_IRQHandler                          0x080001bb   Thumb Code     0  startup_stm32l475xx.o(.text)
    SDMMC1_IRQHandler                        0x080001bb   Thumb Code     0  startup_stm32l475xx.o(.text)
    SPI1_IRQHandler                          0x080001bb   Thumb Code     0  startup_stm32l475xx.o(.text)
    SPI2_IRQHandler                          0x080001bb   Thumb Code     0  startup_stm32l475xx.o(.text)
    SPI3_IRQHandler                          0x080001bb   Thumb Code     0  startup_stm32l475xx.o(.text)
    SWPMI1_IRQHandler                        0x080001bb   Thumb Code     0  startup_stm32l475xx.o(.text)
    TAMP_STAMP_IRQHandler                    0x080001bb   Thumb Code     0  startup_stm32l475xx.o(.text)
    TIM1_BRK_TIM15_IRQHandler                0x080001bb   Thumb Code     0  startup_stm32l475xx.o(.text)
    TIM1_CC_IRQHandler                       0x080001bb   Thumb Code     0  startup_stm32l475xx.o(.text)
    TIM1_TRG_COM_TIM17_IRQHandler            0x080001bb   Thumb Code     0  startup_stm32l475xx.o(.text)
    TIM2_IRQHandler                          0x080001bb   Thumb Code     0  startup_stm32l475xx.o(.text)
    TIM3_IRQHandler                          0x080001bb   Thumb Code     0  startup_stm32l475xx.o(.text)
    TIM4_IRQHandler                          0x080001bb   Thumb Code     0  startup_stm32l475xx.o(.text)
    TIM5_IRQHandler                          0x080001bb   Thumb Code     0  startup_stm32l475xx.o(.text)
    TIM6_DAC_IRQHandler                      0x080001bb   Thumb Code     0  startup_stm32l475xx.o(.text)
    TIM8_BRK_IRQHandler                      0x080001bb   Thumb Code     0  startup_stm32l475xx.o(.text)
    TIM8_CC_IRQHandler                       0x080001bb   Thumb Code     0  startup_stm32l475xx.o(.text)
    TIM8_TRG_COM_IRQHandler                  0x080001bb   Thumb Code     0  startup_stm32l475xx.o(.text)
    TIM8_UP_IRQHandler                       0x080001bb   Thumb Code     0  startup_stm32l475xx.o(.text)
    TSC_IRQHandler                           0x080001bb   Thumb Code     0  startup_stm32l475xx.o(.text)
    UART4_IRQHandler                         0x080001bb   Thumb Code     0  startup_stm32l475xx.o(.text)
    UART5_IRQHandler                         0x080001bb   Thumb Code     0  startup_stm32l475xx.o(.text)
    WWDG_IRQHandler                          0x080001bb   Thumb Code     0  startup_stm32l475xx.o(.text)
    __aeabi_uldivmod                         0x080001c5   Thumb Code    98  uldiv.o(.text)
    __aeabi_memset                           0x0800022d   Thumb Code    14  memseta.o(.text)
    __aeabi_memset4                          0x0800022d   Thumb Code     0  memseta.o(.text)
    __aeabi_memset8                          0x0800022d   Thumb Code     0  memseta.o(.text)
    __aeabi_memclr                           0x0800023b   Thumb Code     4  memseta.o(.text)
    __aeabi_memclr4                          0x0800023b   Thumb Code     0  memseta.o(.text)
    __aeabi_memclr8                          0x0800023b   Thumb Code     0  memseta.o(.text)
    _memset$wrapper                          0x0800023f   Thumb Code    18  memseta.o(.text)
    strstr                                   0x08000251   Thumb Code    36  strstr.o(.text)
    strlen                                   0x08000275   Thumb Code    14  strlen.o(.text)
    strcpy                                   0x08000283   Thumb Code    18  strcpy.o(.text)
    __0sscanf                                0x08000295   Thumb Code    48  __0sscanf.o(.text)
    _scanf_int                               0x080002cd   Thumb Code   332  _scanf_int.o(.text)
    _scanf_string                            0x0800041f   Thumb Code   224  _scanf_str.o(.text)
    __aeabi_uidiv                            0x08000505   Thumb Code     0  uidiv.o(.text)
    __aeabi_uidivmod                         0x08000505   Thumb Code    44  uidiv.o(.text)
    __aeabi_llsl                             0x08000531   Thumb Code    30  llshl.o(.text)
    _ll_shift_l                              0x08000531   Thumb Code     0  llshl.o(.text)
    __aeabi_llsr                             0x0800054f   Thumb Code    32  llushr.o(.text)
    _ll_ushift_r                             0x0800054f   Thumb Code     0  llushr.o(.text)
    _chval                                   0x0800056f   Thumb Code    28  _chval.o(.text)
    __vfscanf_char                           0x08000599   Thumb Code    20  scanf_char.o(.text)
    _sgetc                                   0x080005b5   Thumb Code    30  _sgetc.o(.text)
    _sbackspace                              0x080005d3   Thumb Code    34  _sgetc.o(.text)
    __scatterload                            0x080005f5   Thumb Code    28  init.o(.text)
    __scatterload_rt2                        0x080005f5   Thumb Code     0  init.o(.text)
    isspace                                  0x08000619   Thumb Code    10  isspace_c.o(.text)
    __vfscanf                                0x08000625   Thumb Code   810  _scanf.o(.text)
    __ctype_lookup                           0x0800095d   Thumb Code    34  ctype_c.o(.text)
    BusFault_Handler                         0x08000985   Thumb Code     2  stm32l4xx_it.o(i.BusFault_Handler)
    Connect                                  0x08000989   Thumb Code   144  mqtt.o(i.Connect)
    DAC_DMAConvCpltCh1                       0x08000a4f   Thumb Code    16  stm32l4xx_hal_dac.o(i.DAC_DMAConvCpltCh1)
    DAC_DMAConvCpltCh2                       0x08000a5f   Thumb Code    16  stm32l4xx_hal_dac_ex.o(i.DAC_DMAConvCpltCh2)
    DAC_DMAErrorCh1                          0x08000a6f   Thumb Code    24  stm32l4xx_hal_dac.o(i.DAC_DMAErrorCh1)
    DAC_DMAErrorCh2                          0x08000a87   Thumb Code    24  stm32l4xx_hal_dac_ex.o(i.DAC_DMAErrorCh2)
    DAC_DMAHalfConvCpltCh1                   0x08000a9f   Thumb Code    10  stm32l4xx_hal_dac.o(i.DAC_DMAHalfConvCpltCh1)
    DAC_DMAHalfConvCpltCh2                   0x08000aa9   Thumb Code    10  stm32l4xx_hal_dac_ex.o(i.DAC_DMAHalfConvCpltCh2)
    DebugMon_Handler                         0x08000ae1   Thumb Code     2  stm32l4xx_it.o(i.DebugMon_Handler)
    EXTI4_IRQHandler                         0x08000ae3   Thumb Code     6  stm32l4xx_it.o(i.EXTI4_IRQHandler)
    Error_Handler                            0x08000ae9   Thumb Code     4  main.o(i.Error_Handler)
    HAL_DACEx_ConvCpltCallbackCh2            0x08000aed   Thumb Code     2  stm32l4xx_hal_dac_ex.o(i.HAL_DACEx_ConvCpltCallbackCh2)
    HAL_DACEx_ConvHalfCpltCallbackCh2        0x08000aef   Thumb Code     2  stm32l4xx_hal_dac_ex.o(i.HAL_DACEx_ConvHalfCpltCallbackCh2)
    HAL_DACEx_ErrorCallbackCh2               0x08000af1   Thumb Code     2  stm32l4xx_hal_dac_ex.o(i.HAL_DACEx_ErrorCallbackCh2)
    HAL_DAC_ConfigChannel                    0x08000af3   Thumb Code   286  stm32l4xx_hal_dac.o(i.HAL_DAC_ConfigChannel)
    HAL_DAC_ConvCpltCallbackCh1              0x08000c11   Thumb Code     2  stm32l4xx_hal_dac.o(i.HAL_DAC_ConvCpltCallbackCh1)
    HAL_DAC_ConvHalfCpltCallbackCh1          0x08000c13   Thumb Code     2  stm32l4xx_hal_dac.o(i.HAL_DAC_ConvHalfCpltCallbackCh1)
    HAL_DAC_ErrorCallbackCh1                 0x08000c15   Thumb Code     2  stm32l4xx_hal_dac.o(i.HAL_DAC_ErrorCallbackCh1)
    HAL_DAC_Init                             0x08000c17   Thumb Code    40  stm32l4xx_hal_dac.o(i.HAL_DAC_Init)
    HAL_DAC_MspInit                          0x08000c41   Thumb Code   126  dac.o(i.HAL_DAC_MspInit)
    HAL_DAC_Start_DMA                        0x08000cd1   Thumb Code   246  stm32l4xx_hal_dac.o(i.HAL_DAC_Start_DMA)
    HAL_DAC_Stop_DMA                         0x08000de1   Thumb Code    72  stm32l4xx_hal_dac.o(i.HAL_DAC_Stop_DMA)
    HAL_DMA_Abort                            0x08000e29   Thumb Code    74  stm32l4xx_hal_dma.o(i.HAL_DMA_Abort)
    HAL_DMA_Abort_IT                         0x08000e73   Thumb Code    78  stm32l4xx_hal_dma.o(i.HAL_DMA_Abort_IT)
    HAL_DMA_Init                             0x08000ec1   Thumb Code   178  stm32l4xx_hal_dma.o(i.HAL_DMA_Init)
    HAL_DMA_Start_IT                         0x08000f81   Thumb Code   112  stm32l4xx_hal_dma.o(i.HAL_DMA_Start_IT)
    HAL_Delay                                0x08000ff1   Thumb Code    32  stm32l4xx_hal.o(i.HAL_Delay)
    HAL_GPIO_EXTI_Callback                   0x08001015   Thumb Code   184  main.o(i.HAL_GPIO_EXTI_Callback)
    HAL_GPIO_EXTI_IRQHandler                 0x08001129   Thumb Code    18  stm32l4xx_hal_gpio.o(i.HAL_GPIO_EXTI_IRQHandler)
    HAL_GPIO_Init                            0x08001141   Thumb Code   500  stm32l4xx_hal_gpio.o(i.HAL_GPIO_Init)
    HAL_GPIO_ReadPin                         0x0800135f   Thumb Code    10  stm32l4xx_hal_gpio.o(i.HAL_GPIO_ReadPin)
    HAL_GPIO_WritePin                        0x08001369   Thumb Code    10  stm32l4xx_hal_gpio.o(i.HAL_GPIO_WritePin)
    HAL_GetTick                              0x08001375   Thumb Code     6  stm32l4xx_hal.o(i.HAL_GetTick)
    HAL_IncTick                              0x08001381   Thumb Code    12  stm32l4xx_hal.o(i.HAL_IncTick)
    HAL_Init                                 0x08001391   Thumb Code    30  stm32l4xx_hal.o(i.HAL_Init)
    HAL_InitTick                             0x080013b1   Thumb Code    58  stm32l4xx_hal.o(i.HAL_InitTick)
    HAL_MspInit                              0x080013f5   Thumb Code    44  stm32l4xx_hal_msp.o(i.HAL_MspInit)
    HAL_NVIC_EnableIRQ                       0x08001425   Thumb Code    26  stm32l4xx_hal_cortex.o(i.HAL_NVIC_EnableIRQ)
    HAL_NVIC_SetPriority                     0x08001441   Thumb Code    60  stm32l4xx_hal_cortex.o(i.HAL_NVIC_SetPriority)
    HAL_NVIC_SetPriorityGrouping             0x08001481   Thumb Code    26  stm32l4xx_hal_cortex.o(i.HAL_NVIC_SetPriorityGrouping)
    HAL_PWREx_ControlVoltageScaling          0x080014a5   Thumb Code    90  stm32l4xx_hal_pwr_ex.o(i.HAL_PWREx_ControlVoltageScaling)
    HAL_PWREx_GetVoltageRange                0x0800150d   Thumb Code    10  stm32l4xx_hal_pwr_ex.o(i.HAL_PWREx_GetVoltageRange)
    HAL_PWR_EnableBkUpAccess                 0x0800151d   Thumb Code    12  stm32l4xx_hal_pwr.o(i.HAL_PWR_EnableBkUpAccess)
    HAL_RCCEx_PeriphCLKConfig                0x0800152d   Thumb Code   928  stm32l4xx_hal_rcc_ex.o(i.HAL_RCCEx_PeriphCLKConfig)
    HAL_RCC_ClockConfig                      0x080018dd   Thumb Code   304  stm32l4xx_hal_rcc.o(i.HAL_RCC_ClockConfig)
    HAL_RCC_GetPCLK1Freq                     0x08001a21   Thumb Code    24  stm32l4xx_hal_rcc.o(i.HAL_RCC_GetPCLK1Freq)
    HAL_RCC_GetPCLK2Freq                     0x08001a45   Thumb Code    24  stm32l4xx_hal_rcc.o(i.HAL_RCC_GetPCLK2Freq)
    HAL_RCC_GetSysClockFreq                  0x08001a69   Thumb Code   150  stm32l4xx_hal_rcc.o(i.HAL_RCC_GetSysClockFreq)
    HAL_RCC_OscConfig                        0x08001b0d   Thumb Code  1294  stm32l4xx_hal_rcc.o(i.HAL_RCC_OscConfig)
    HAL_RTCEx_SetWakeUpTimer                 0x08002025   Thumb Code   172  stm32l4xx_hal_rtc_ex.o(i.HAL_RTCEx_SetWakeUpTimer)
    HAL_RTC_GetDate                          0x080020d9   Thumb Code    62  stm32l4xx_hal_rtc.o(i.HAL_RTC_GetDate)
    HAL_RTC_GetTime                          0x0800211d   Thumb Code    78  stm32l4xx_hal_rtc.o(i.HAL_RTC_GetTime)
    HAL_RTC_Init                             0x08002171   Thumb Code   150  stm32l4xx_hal_rtc.o(i.HAL_RTC_Init)
    HAL_RTC_MspInit                          0x0800220d   Thumb Code    60  rtc.o(i.HAL_RTC_MspInit)
    HAL_RTC_SetDate                          0x08002251   Thumb Code   156  stm32l4xx_hal_rtc.o(i.HAL_RTC_SetDate)
    HAL_RTC_SetTime                          0x080022f1   Thumb Code   198  stm32l4xx_hal_rtc.o(i.HAL_RTC_SetTime)
    HAL_RTC_WaitForSynchro                   0x080023bd   Thumb Code    54  stm32l4xx_hal_rtc.o(i.HAL_RTC_WaitForSynchro)
    HAL_SYSTICK_Config                       0x080023f3   Thumb Code    40  stm32l4xx_hal_cortex.o(i.HAL_SYSTICK_Config)
    HAL_TIMEx_Break2Callback                 0x0800241b   Thumb Code     2  stm32l4xx_hal_tim_ex.o(i.HAL_TIMEx_Break2Callback)
    HAL_TIMEx_BreakCallback                  0x0800241d   Thumb Code     2  stm32l4xx_hal_tim_ex.o(i.HAL_TIMEx_BreakCallback)
    HAL_TIMEx_CommutCallback                 0x0800241f   Thumb Code     2  stm32l4xx_hal_tim_ex.o(i.HAL_TIMEx_CommutCallback)
    HAL_TIMEx_ConfigBreakDeadTime            0x08002421   Thumb Code   132  stm32l4xx_hal_tim_ex.o(i.HAL_TIMEx_ConfigBreakDeadTime)
    HAL_TIMEx_MasterConfigSynchronization    0x080024ad   Thumb Code   130  stm32l4xx_hal_tim_ex.o(i.HAL_TIMEx_MasterConfigSynchronization)
    HAL_TIM_Base_Init                        0x08002549   Thumb Code    98  stm32l4xx_hal_tim.o(i.HAL_TIM_Base_Init)
    HAL_TIM_Base_MspInit                     0x080025ad   Thumb Code   108  tim.o(i.HAL_TIM_Base_MspInit)
    HAL_TIM_Base_Start                       0x08002629   Thumb Code    90  stm32l4xx_hal_tim.o(i.HAL_TIM_Base_Start)
    HAL_TIM_Base_Start_IT                    0x080026a1   Thumb Code   100  stm32l4xx_hal_tim.o(i.HAL_TIM_Base_Start_IT)
    HAL_TIM_Base_Stop_IT                     0x08002721   Thumb Code    48  stm32l4xx_hal_tim.o(i.HAL_TIM_Base_Stop_IT)
    HAL_TIM_IC_CaptureCallback               0x08002751   Thumb Code     2  stm32l4xx_hal_tim.o(i.HAL_TIM_IC_CaptureCallback)
    HAL_TIM_IRQHandler                       0x08002753   Thumb Code   388  stm32l4xx_hal_tim.o(i.HAL_TIM_IRQHandler)
    HAL_TIM_MspPostInit                      0x080028d9   Thumb Code    72  tim.o(i.HAL_TIM_MspPostInit)
    HAL_TIM_OC_DelayElapsedCallback          0x0800292d   Thumb Code     2  stm32l4xx_hal_tim.o(i.HAL_TIM_OC_DelayElapsedCallback)
    HAL_TIM_PWM_ConfigChannel                0x0800292f   Thumb Code   292  stm32l4xx_hal_tim.o(i.HAL_TIM_PWM_ConfigChannel)
    HAL_TIM_PWM_Init                         0x08002a53   Thumb Code    98  stm32l4xx_hal_tim.o(i.HAL_TIM_PWM_Init)
    HAL_TIM_PWM_MspInit                      0x08002ab5   Thumb Code    30  tim.o(i.HAL_TIM_PWM_MspInit)
    HAL_TIM_PWM_PulseFinishedCallback        0x08002add   Thumb Code     2  stm32l4xx_hal_tim.o(i.HAL_TIM_PWM_PulseFinishedCallback)
    HAL_TIM_PWM_Start                        0x08002ae1   Thumb Code   224  stm32l4xx_hal_tim.o(i.HAL_TIM_PWM_Start)
    HAL_TIM_PeriodElapsedCallback            0x08002be5   Thumb Code    96  main.o(i.HAL_TIM_PeriodElapsedCallback)
    HAL_TIM_TriggerCallback                  0x08002c85   Thumb Code     2  stm32l4xx_hal_tim.o(i.HAL_TIM_TriggerCallback)
    HAL_UARTEx_RxEventCallback               0x08002c87   Thumb Code     2  stm32l4xx_hal_uart.o(i.HAL_UARTEx_RxEventCallback)
    HAL_UARTEx_WakeupCallback                0x08002c89   Thumb Code     2  stm32l4xx_hal_uart_ex.o(i.HAL_UARTEx_WakeupCallback)
    HAL_UART_ErrorCallback                   0x08002c8b   Thumb Code     2  stm32l4xx_hal_uart.o(i.HAL_UART_ErrorCallback)
    HAL_UART_IRQHandler                      0x08002c8d   Thumb Code   652  stm32l4xx_hal_uart.o(i.HAL_UART_IRQHandler)
    HAL_UART_Init                            0x08002f21   Thumb Code   102  stm32l4xx_hal_uart.o(i.HAL_UART_Init)
    HAL_UART_MspInit                         0x08002f89   Thumb Code   324  usart.o(i.HAL_UART_MspInit)
    HAL_UART_Receive_IT                      0x080030e1   Thumb Code    78  stm32l4xx_hal_uart.o(i.HAL_UART_Receive_IT)
    HAL_UART_RxCpltCallback                  0x08003135   Thumb Code   120  usart.o(i.HAL_UART_RxCpltCallback)
    HAL_UART_Transmit                        0x080031c1   Thumb Code   182  stm32l4xx_hal_uart.o(i.HAL_UART_Transmit)
    HAL_UART_TxCpltCallback                  0x08003277   Thumb Code     2  stm32l4xx_hal_uart.o(i.HAL_UART_TxCpltCallback)
    HardFault_Handler                        0x08003279   Thumb Code     2  stm32l4xx_it.o(i.HardFault_Handler)
    LCD_ShowText                             0x0800327d   Thumb Code    20  hmi.o(i.LCD_ShowText)
    MQTT_Connect_new                         0x080032a9   Thumb Code   134  mqtt.o(i.MQTT_Connect_new)
    MX_DAC1_Init                             0x080034cd   Thumb Code    68  dac.o(i.MX_DAC1_Init)
    MX_DMA_Init                              0x08003519   Thumb Code    22  dma.o(i.MX_DMA_Init)
    MX_GPIO_Init                             0x08003535   Thumb Code   152  gpio.o(i.MX_GPIO_Init)
    MX_RTC_Init                              0x080035d5   Thumb Code   140  rtc.o(i.MX_RTC_Init)
    MX_TIM15_Init                            0x08003669   Thumb Code   156  tim.o(i.MX_TIM15_Init)
    MX_TIM16_Init                            0x0800370d   Thumb Code    48  tim.o(i.MX_TIM16_Init)
    MX_TIM6_Init                             0x08003745   Thumb Code    64  tim.o(i.MX_TIM6_Init)
    MX_TIM7_Init                             0x0800378d   Thumb Code    66  tim.o(i.MX_TIM7_Init)
    MX_USART1_UART_Init                      0x080037d9   Thumb Code    52  usart.o(i.MX_USART1_UART_Init)
    MX_USART2_UART_Init                      0x08003815   Thumb Code    52  usart.o(i.MX_USART2_UART_Init)
    MX_USART3_UART_Init                      0x08003851   Thumb Code    52  usart.o(i.MX_USART3_UART_Init)
    MemManage_Handler                        0x0800388d   Thumb Code     2  stm32l4xx_it.o(i.MemManage_Handler)
    NMI_Handler                              0x0800388f   Thumb Code     2  stm32l4xx_it.o(i.NMI_Handler)
    PendSV_Handler                           0x08003891   Thumb Code     2  stm32l4xx_it.o(i.PendSV_Handler)
    RTC_Bcd2ToByte                           0x08003b45   Thumb Code    18  stm32l4xx_hal_rtc.o(i.RTC_Bcd2ToByte)
    RTC_ByteToBcd2                           0x08003b57   Thumb Code    24  stm32l4xx_hal_rtc.o(i.RTC_ByteToBcd2)
    RTC_EnterInitMode                        0x08003b71   Thumb Code    70  stm32l4xx_hal_rtc.o(i.RTC_EnterInitMode)
    RTC_ExitInitMode                         0x08003bb9   Thumb Code    82  stm32l4xx_hal_rtc.o(i.RTC_ExitInitMode)
    SVC_Handler                              0x08003c11   Thumb Code     2  stm32l4xx_it.o(i.SVC_Handler)
    SysTick_Handler                          0x08003c13   Thumb Code     4  stm32l4xx_it.o(i.SysTick_Handler)
    SystemClock_Config                       0x08003c19   Thumb Code   132  main.o(i.SystemClock_Config)
    SystemInit                               0x08003ca1   Thumb Code    12  system_stm32l4xx.o(i.SystemInit)
    TIM1_UP_TIM16_IRQHandler                 0x08003cb1   Thumb Code     6  stm32l4xx_it.o(i.TIM1_UP_TIM16_IRQHandler)
    TIM7_IRQHandler                          0x08003cbd   Thumb Code     6  stm32l4xx_it.o(i.TIM7_IRQHandler)
    TIM_Base_SetConfig                       0x08003cc9   Thumb Code   160  stm32l4xx_hal_tim.o(i.TIM_Base_SetConfig)
    TIM_CCxChannelCmd                        0x08003d89   Thumb Code    26  stm32l4xx_hal_tim.o(i.TIM_CCxChannelCmd)
    TIM_OC2_SetConfig                        0x08003e41   Thumb Code   120  stm32l4xx_hal_tim.o(i.TIM_OC2_SetConfig)
    UART_AdvFeatureConfig                    0x080040b5   Thumb Code   200  stm32l4xx_hal_uart.o(i.UART_AdvFeatureConfig)
    UART_CheckIdleState                      0x0800417d   Thumb Code    92  stm32l4xx_hal_uart.o(i.UART_CheckIdleState)
    UART_SetConfig                           0x08004375   Thumb Code   542  stm32l4xx_hal_uart.o(i.UART_SetConfig)
    UART_Start_Receive_IT                    0x080045bd   Thumb Code   176  stm32l4xx_hal_uart.o(i.UART_Start_Receive_IT)
    UART_WaitOnFlagUntilTimeout              0x08004675   Thumb Code   198  stm32l4xx_hal_uart.o(i.UART_WaitOnFlagUntilTimeout)
    USART1_IRQHandler                        0x0800473d   Thumb Code     6  stm32l4xx_it.o(i.USART1_IRQHandler)
    USART2_IRQHandler                        0x08004749   Thumb Code     6  stm32l4xx_it.o(i.USART2_IRQHandler)
    USART3_IRQHandler                        0x08004755   Thumb Code     6  stm32l4xx_it.o(i.USART3_IRQHandler)
    UsageFault_Handler                       0x08004761   Thumb Code     2  stm32l4xx_it.o(i.UsageFault_Handler)
    __0printf$6                              0x08004765   Thumb Code    22  printf6.o(i.__0printf$6)
    __1printf$6                              0x08004765   Thumb Code     0  printf6.o(i.__0printf$6)
    __2printf                                0x08004765   Thumb Code     0  printf6.o(i.__0printf$6)
    __0sprintf$6                             0x08004785   Thumb Code    34  printf6.o(i.__0sprintf$6)
    __1sprintf$6                             0x08004785   Thumb Code     0  printf6.o(i.__0sprintf$6)
    __2sprintf                               0x08004785   Thumb Code     0  printf6.o(i.__0sprintf$6)
    __scatterload_copy                       0x080047cd   Thumb Code    14  handlers.o(i.__scatterload_copy)
    __scatterload_null                       0x080047db   Thumb Code     2  handlers.o(i.__scatterload_null)
    __scatterload_zeroinit                   0x080047dd   Thumb Code    14  handlers.o(i.__scatterload_zeroinit)
    fputc                                    0x08004b41   Thumb Code    18  main.o(i.fputc)
    him_set                                  0x08004b59   Thumb Code   386  hmi.o(i.him_set)
    main                                     0x08004e2d   Thumb Code   802  main.o(i.main)
    updatetime                               0x08005399   Thumb Code   188  main.o(i.updatetime)
    voice_data                               0x08005508   Data       27252  main.o(.constdata)
    AHBPrescTable                            0x0800bf7c   Data          16  system_stm32l4xx.o(.constdata)
    MSIRangeTable                            0x0800bf8c   Data          48  system_stm32l4xx.o(.constdata)
    APBPrescTable                            0x0800bfbc   Data           8  system_stm32l4xx.o(.constdata)
    c2                                       0x0800bfc4   Data           9  mqtt.o(.constdata)
    c4                                       0x0800bfcd   Data          14  mqtt.o(.constdata)
    c5                                       0x0800bfdb   Data          33  mqtt.o(.constdata)
    c6                                       0x0800bffc   Data          54  mqtt.o(.constdata)
    c7                                       0x0800c032   Data          76  mqtt.o(.constdata)
    c8                                       0x0800c07e   Data          40  mqtt.o(.constdata)
    c9                                       0x0800c0a6   Data          37  mqtt.o(.constdata)
    c10                                      0x0800c0cb   Data          33  mqtt.o(.constdata)
    c11                                      0x0800c0ec   Data          30  mqtt.o(.constdata)
    c12                                      0x0800c10a   Data          36  mqtt.o(.constdata)
    c13                                      0x0800c12e   Data          34  mqtt.o(.constdata)
    __ctype_categories                       0x0800c150   Data          64  ctype_c.o(.constdata)
    Region$$Table$$Base                      0x0800c1e4   Number         0  anon$$obj.o(Region$$Table)
    Region$$Table$$Limit                     0x0800c204   Number         0  anon$$obj.o(Region$$Table)
    door_status                              0x20000000   Data           1  main.o(.data)
    closing_flag                             0x20000001   Data           1  main.o(.data)
    main_status                              0x20000004   Data           4  main.o(.data)
    temp_status                              0x20000008   Data           4  main.o(.data)
    GetDate                                  0x2000000c   Data           4  main.o(.data)
    R2x_Flag                                 0x20000010   Data           1  usart.o(.data)
    R3x_Flag                                 0x20000011   Data           1  usart.o(.data)
    R2x_buff                                 0x20000012   Data           1  usart.o(.data)
    R3x_buff                                 0x20000013   Data           1  usart.o(.data)
    R2x_Count                                0x20000014   Data           2  usart.o(.data)
    R3x_Count                                0x20000016   Data           2  usart.o(.data)
    uwTickFreq                               0x20000018   Data           1  stm32l4xx_hal.o(.data)
    uwTickPrio                               0x2000001c   Data           4  stm32l4xx_hal.o(.data)
    uwTick                                   0x20000020   Data           4  stm32l4xx_hal.o(.data)
    SystemCoreClock                          0x20000024   Data           4  system_stm32l4xx.o(.data)
    y                                        0x20000028   Data           4  hmi.o(.data)
    m                                        0x2000002c   Data           4  hmi.o(.data)
    d                                        0x20000030   Data           4  hmi.o(.data)
    high                                     0x20000034   Data           4  hmi.o(.data)
    low                                      0x20000038   Data           4  hmi.o(.data)
    __stdout                                 0x2000003c   Data           4  stdout.o(.data)
    Tx_Buf                                   0x20000040   Data         100  main.o(.bss)
    BUFFER                                   0x200000a4   Data         100  main.o(.bss)
    GetTime                                  0x20000108   Data          20  main.o(.bss)
    hdac1                                    0x2000011c   Data          20  dac.o(.bss)
    hdma_dac_ch1                             0x20000130   Data          72  dac.o(.bss)
    hrtc                                     0x20000178   Data          36  rtc.o(.bss)
    htim6                                    0x2000019c   Data          76  tim.o(.bss)
    htim7                                    0x200001e8   Data          76  tim.o(.bss)
    htim15                                   0x20000234   Data          76  tim.o(.bss)
    htim16                                   0x20000280   Data          76  tim.o(.bss)
    R2x_String                               0x200002cc   Data        1000  usart.o(.bss)
    R3x_String                               0x200006b4   Data         100  usart.o(.bss)
    huart1                                   0x20000718   Data         132  usart.o(.bss)
    huart2                                   0x2000079c   Data         132  usart.o(.bss)
    huart3                                   0x20000820   Data         132  usart.o(.bss)
    Rec_buff                                 0x200008a4   Data         200  hmi.o(.bss)
    temp                                     0x2000096c   Data         200  hmi.o(.bss)
    name                                     0x20000a34   Data          20  hmi.o(.bss)
    date                                     0x20000a48   Data          20  hmi.o(.bss)
    text_day                                 0x20000a5c   Data          20  hmi.o(.bss)
    __initial_sp                             0x20000e70   Data           0  startup_stm32l475xx.o(STACK)



==============================================================================

Memory Map of the image

  Image Entry point : 0x08000189

  Load Region LR_IROM1 (Base: 0x08000000, Size: 0x0000c244, Max: 0x00080000, ABSOLUTE)

    Execution Region ER_IROM1 (Exec base: 0x08000000, Load base: 0x08000000, Size: 0x0000c204, Max: 0x00080000, ABSOLUTE)

    Exec Addr    Load Addr    Size         Type   Attr      Idx    E Section Name        Object

    0x08000000   0x08000000   0x00000188   Data   RO            3    RESET               startup_stm32l475xx.o
    0x08000188   0x08000188   0x00000000   Code   RO         4347  * .ARM.Collect$$$$00000000  mc_w.l(entry.o)
    0x08000188   0x08000188   0x00000004   Code   RO         4627    .ARM.Collect$$$$00000001  mc_w.l(entry2.o)
    0x0800018c   0x0800018c   0x00000004   Code   RO         4630    .ARM.Collect$$$$00000004  mc_w.l(entry5.o)
    0x08000190   0x08000190   0x00000000   Code   RO         4632    .ARM.Collect$$$$00000008  mc_w.l(entry7b.o)
    0x08000190   0x08000190   0x00000000   Code   RO         4634    .ARM.Collect$$$$0000000A  mc_w.l(entry8b.o)
    0x08000190   0x08000190   0x00000008   Code   RO         4635    .ARM.Collect$$$$0000000B  mc_w.l(entry9a.o)
    0x08000198   0x08000198   0x00000004   Code   RO         4642    .ARM.Collect$$$$0000000E  mc_w.l(entry12b.o)
    0x0800019c   0x0800019c   0x00000000   Code   RO         4637    .ARM.Collect$$$$0000000F  mc_w.l(entry10a.o)
    0x0800019c   0x0800019c   0x00000000   Code   RO         4639    .ARM.Collect$$$$00000011  mc_w.l(entry11a.o)
    0x0800019c   0x0800019c   0x00000004   Code   RO         4628    .ARM.Collect$$$$00002712  mc_w.l(entry2.o)
    0x080001a0   0x080001a0   0x00000024   Code   RO            4    .text               startup_stm32l475xx.o
    0x080001c4   0x080001c4   0x00000068   Code   RO         4350    .text               mc_w.l(uldiv.o)
    0x0800022c   0x0800022c   0x00000024   Code   RO         4352    .text               mc_w.l(memseta.o)
    0x08000250   0x08000250   0x00000024   Code   RO         4354    .text               mc_w.l(strstr.o)
    0x08000274   0x08000274   0x0000000e   Code   RO         4356    .text               mc_w.l(strlen.o)
    0x08000282   0x08000282   0x00000012   Code   RO         4358    .text               mc_w.l(strcpy.o)
    0x08000294   0x08000294   0x00000038   Code   RO         4621    .text               mc_w.l(__0sscanf.o)
    0x080002cc   0x080002cc   0x00000152   Code   RO         4623    .text               mc_w.l(_scanf_int.o)
    0x0800041e   0x0800041e   0x000000e6   Code   RO         4625    .text               mc_w.l(_scanf_str.o)
    0x08000504   0x08000504   0x0000002c   Code   RO         4644    .text               mc_w.l(uidiv.o)
    0x08000530   0x08000530   0x0000001e   Code   RO         4646    .text               mc_w.l(llshl.o)
    0x0800054e   0x0800054e   0x00000020   Code   RO         4648    .text               mc_w.l(llushr.o)
    0x0800056e   0x0800056e   0x0000001c   Code   RO         4650    .text               mc_w.l(_chval.o)
    0x0800058a   0x0800058a   0x00000002   PAD
    0x0800058c   0x0800058c   0x00000028   Code   RO         4652    .text               mc_w.l(scanf_char.o)
    0x080005b4   0x080005b4   0x00000040   Code   RO         4654    .text               mc_w.l(_sgetc.o)
    0x080005f4   0x080005f4   0x00000024   Code   RO         4667    .text               mc_w.l(init.o)
    0x08000618   0x08000618   0x0000000a   Code   RO         4671    .text               mc_w.l(isspace_c.o)
    0x08000622   0x08000622   0x00000002   PAD
    0x08000624   0x08000624   0x00000336   Code   RO         4673    .text               mc_w.l(_scanf.o)
    0x0800095a   0x0800095a   0x00000002   PAD
    0x0800095c   0x0800095c   0x00000028   Code   RO         4677    .text               mc_w.l(ctype_c.o)
    0x08000984   0x08000984   0x00000002   Code   RO          499    i.BusFault_Handler  stm32l4xx_it.o
    0x08000986   0x08000986   0x00000002   PAD
    0x08000988   0x08000988   0x000000c6   Code   RO         4261    i.Connect           mqtt.o
    0x08000a4e   0x08000a4e   0x00000010   Code   RO          635    i.DAC_DMAConvCpltCh1  stm32l4xx_hal_dac.o
    0x08000a5e   0x08000a5e   0x00000010   Code   RO          779    i.DAC_DMAConvCpltCh2  stm32l4xx_hal_dac_ex.o
    0x08000a6e   0x08000a6e   0x00000018   Code   RO          636    i.DAC_DMAErrorCh1   stm32l4xx_hal_dac.o
    0x08000a86   0x08000a86   0x00000018   Code   RO          780    i.DAC_DMAErrorCh2   stm32l4xx_hal_dac_ex.o
    0x08000a9e   0x08000a9e   0x0000000a   Code   RO          637    i.DAC_DMAHalfConvCpltCh1  stm32l4xx_hal_dac.o
    0x08000aa8   0x08000aa8   0x0000000a   Code   RO          781    i.DAC_DMAHalfConvCpltCh2  stm32l4xx_hal_dac_ex.o
    0x08000ab2   0x08000ab2   0x0000002e   Code   RO         1647    i.DMA_SetConfig     stm32l4xx_hal_dma.o
    0x08000ae0   0x08000ae0   0x00000002   Code   RO          500    i.DebugMon_Handler  stm32l4xx_it.o
    0x08000ae2   0x08000ae2   0x00000006   Code   RO          501    i.EXTI4_IRQHandler  stm32l4xx_it.o
    0x08000ae8   0x08000ae8   0x00000004   Code   RO           13    i.Error_Handler     main.o
    0x08000aec   0x08000aec   0x00000002   Code   RO          782    i.HAL_DACEx_ConvCpltCallbackCh2  stm32l4xx_hal_dac_ex.o
    0x08000aee   0x08000aee   0x00000002   Code   RO          783    i.HAL_DACEx_ConvHalfCpltCallbackCh2  stm32l4xx_hal_dac_ex.o
    0x08000af0   0x08000af0   0x00000002   Code   RO          787    i.HAL_DACEx_ErrorCallbackCh2  stm32l4xx_hal_dac_ex.o
    0x08000af2   0x08000af2   0x0000011e   Code   RO          638    i.HAL_DAC_ConfigChannel  stm32l4xx_hal_dac.o
    0x08000c10   0x08000c10   0x00000002   Code   RO          639    i.HAL_DAC_ConvCpltCallbackCh1  stm32l4xx_hal_dac.o
    0x08000c12   0x08000c12   0x00000002   Code   RO          640    i.HAL_DAC_ConvHalfCpltCallbackCh1  stm32l4xx_hal_dac.o
    0x08000c14   0x08000c14   0x00000002   Code   RO          643    i.HAL_DAC_ErrorCallbackCh1  stm32l4xx_hal_dac.o
    0x08000c16   0x08000c16   0x00000028   Code   RO          648    i.HAL_DAC_Init      stm32l4xx_hal_dac.o
    0x08000c3e   0x08000c3e   0x00000002   PAD
    0x08000c40   0x08000c40   0x00000090   Code   RO          253    i.HAL_DAC_MspInit   dac.o
    0x08000cd0   0x08000cd0   0x00000110   Code   RO          653    i.HAL_DAC_Start_DMA  stm32l4xx_hal_dac.o
    0x08000de0   0x08000de0   0x00000048   Code   RO          655    i.HAL_DAC_Stop_DMA  stm32l4xx_hal_dac.o
    0x08000e28   0x08000e28   0x0000004a   Code   RO         1648    i.HAL_DMA_Abort     stm32l4xx_hal_dma.o
    0x08000e72   0x08000e72   0x0000004e   Code   RO         1649    i.HAL_DMA_Abort_IT  stm32l4xx_hal_dma.o
    0x08000ec0   0x08000ec0   0x000000c0   Code   RO         1654    i.HAL_DMA_Init      stm32l4xx_hal_dma.o
    0x08000f80   0x08000f80   0x00000070   Code   RO         1658    i.HAL_DMA_Start_IT  stm32l4xx_hal_dma.o
    0x08000ff0   0x08000ff0   0x00000024   Code   RO          888    i.HAL_Delay         stm32l4xx_hal.o
    0x08001014   0x08001014   0x00000114   Code   RO           14    i.HAL_GPIO_EXTI_Callback  main.o
    0x08001128   0x08001128   0x00000018   Code   RO         1583    i.HAL_GPIO_EXTI_IRQHandler  stm32l4xx_hal_gpio.o
    0x08001140   0x08001140   0x0000021e   Code   RO         1584    i.HAL_GPIO_Init     stm32l4xx_hal_gpio.o
    0x0800135e   0x0800135e   0x0000000a   Code   RO         1586    i.HAL_GPIO_ReadPin  stm32l4xx_hal_gpio.o
    0x08001368   0x08001368   0x0000000a   Code   RO         1588    i.HAL_GPIO_WritePin  stm32l4xx_hal_gpio.o
    0x08001372   0x08001372   0x00000002   PAD
    0x08001374   0x08001374   0x0000000c   Code   RO          892    i.HAL_GetTick       stm32l4xx_hal.o
    0x08001380   0x08001380   0x00000010   Code   RO          898    i.HAL_IncTick       stm32l4xx_hal.o
    0x08001390   0x08001390   0x0000001e   Code   RO          899    i.HAL_Init          stm32l4xx_hal.o
    0x080013ae   0x080013ae   0x00000002   PAD
    0x080013b0   0x080013b0   0x00000044   Code   RO          900    i.HAL_InitTick      stm32l4xx_hal.o
    0x080013f4   0x080013f4   0x00000030   Code   RO          611    i.HAL_MspInit       stm32l4xx_hal_msp.o
    0x08001424   0x08001424   0x0000001a   Code   RO         2131    i.HAL_NVIC_EnableIRQ  stm32l4xx_hal_cortex.o
    0x0800143e   0x0800143e   0x00000002   PAD
    0x08001440   0x08001440   0x00000040   Code   RO         2137    i.HAL_NVIC_SetPriority  stm32l4xx_hal_cortex.o
    0x08001480   0x08001480   0x00000024   Code   RO         2138    i.HAL_NVIC_SetPriorityGrouping  stm32l4xx_hal_cortex.o
    0x080014a4   0x080014a4   0x00000068   Code   RO         1875    i.HAL_PWREx_ControlVoltageScaling  stm32l4xx_hal_pwr_ex.o
    0x0800150c   0x0800150c   0x00000010   Code   RO         1906    i.HAL_PWREx_GetVoltageRange  stm32l4xx_hal_pwr_ex.o
    0x0800151c   0x0800151c   0x00000010   Code   RO         1767    i.HAL_PWR_EnableBkUpAccess  stm32l4xx_hal_pwr.o
    0x0800152c   0x0800152c   0x000003ae   Code   RO         1237    i.HAL_RCCEx_PeriphCLKConfig  stm32l4xx_hal_rcc_ex.o
    0x080018da   0x080018da   0x00000002   PAD
    0x080018dc   0x080018dc   0x00000144   Code   RO         1116    i.HAL_RCC_ClockConfig  stm32l4xx_hal_rcc.o
    0x08001a20   0x08001a20   0x00000024   Code   RO         1122    i.HAL_RCC_GetPCLK1Freq  stm32l4xx_hal_rcc.o
    0x08001a44   0x08001a44   0x00000024   Code   RO         1123    i.HAL_RCC_GetPCLK2Freq  stm32l4xx_hal_rcc.o
    0x08001a68   0x08001a68   0x000000a4   Code   RO         1125    i.HAL_RCC_GetSysClockFreq  stm32l4xx_hal_rcc.o
    0x08001b0c   0x08001b0c   0x00000518   Code   RO         1128    i.HAL_RCC_OscConfig  stm32l4xx_hal_rcc.o
    0x08002024   0x08002024   0x000000b2   Code   RO         2534    i.HAL_RTCEx_SetWakeUpTimer  stm32l4xx_hal_rtc_ex.o
    0x080020d6   0x080020d6   0x00000002   PAD
    0x080020d8   0x080020d8   0x00000044   Code   RO         2343    i.HAL_RTC_GetDate   stm32l4xx_hal_rtc.o
    0x0800211c   0x0800211c   0x00000054   Code   RO         2345    i.HAL_RTC_GetTime   stm32l4xx_hal_rtc.o
    0x08002170   0x08002170   0x0000009c   Code   RO         2346    i.HAL_RTC_Init      stm32l4xx_hal_rtc.o
    0x0800220c   0x0800220c   0x00000044   Code   RO          319    i.HAL_RTC_MspInit   rtc.o
    0x08002250   0x08002250   0x000000a0   Code   RO         2352    i.HAL_RTC_SetDate   stm32l4xx_hal_rtc.o
    0x080022f0   0x080022f0   0x000000cc   Code   RO         2353    i.HAL_RTC_SetTime   stm32l4xx_hal_rtc.o
    0x080023bc   0x080023bc   0x00000036   Code   RO         2354    i.HAL_RTC_WaitForSynchro  stm32l4xx_hal_rtc.o
    0x080023f2   0x080023f2   0x00000028   Code   RO         2142    i.HAL_SYSTICK_Config  stm32l4xx_hal_cortex.o
    0x0800241a   0x0800241a   0x00000002   Code   RO         3462    i.HAL_TIMEx_Break2Callback  stm32l4xx_hal_tim_ex.o
    0x0800241c   0x0800241c   0x00000002   Code   RO         3463    i.HAL_TIMEx_BreakCallback  stm32l4xx_hal_tim_ex.o
    0x0800241e   0x0800241e   0x00000002   Code   RO         3464    i.HAL_TIMEx_CommutCallback  stm32l4xx_hal_tim_ex.o
    0x08002420   0x08002420   0x0000008c   Code   RO         3466    i.HAL_TIMEx_ConfigBreakDeadTime  stm32l4xx_hal_tim_ex.o
    0x080024ac   0x080024ac   0x0000009c   Code   RO         3484    i.HAL_TIMEx_MasterConfigSynchronization  stm32l4xx_hal_tim_ex.o
    0x08002548   0x08002548   0x00000062   Code   RO         2748    i.HAL_TIM_Base_Init  stm32l4xx_hal_tim.o
    0x080025aa   0x080025aa   0x00000002   PAD
    0x080025ac   0x080025ac   0x0000007c   Code   RO          361    i.HAL_TIM_Base_MspInit  tim.o
    0x08002628   0x08002628   0x00000078   Code   RO         2751    i.HAL_TIM_Base_Start  stm32l4xx_hal_tim.o
    0x080026a0   0x080026a0   0x00000080   Code   RO         2753    i.HAL_TIM_Base_Start_IT  stm32l4xx_hal_tim.o
    0x08002720   0x08002720   0x00000030   Code   RO         2756    i.HAL_TIM_Base_Stop_IT  stm32l4xx_hal_tim.o
    0x08002750   0x08002750   0x00000002   Code   RO         2782    i.HAL_TIM_IC_CaptureCallback  stm32l4xx_hal_tim.o
    0x08002752   0x08002752   0x00000184   Code   RO         2796    i.HAL_TIM_IRQHandler  stm32l4xx_hal_tim.o
    0x080028d6   0x080028d6   0x00000002   PAD
    0x080028d8   0x080028d8   0x00000054   Code   RO          362    i.HAL_TIM_MspPostInit  tim.o
    0x0800292c   0x0800292c   0x00000002   Code   RO         2799    i.HAL_TIM_OC_DelayElapsedCallback  stm32l4xx_hal_tim.o
    0x0800292e   0x0800292e   0x00000124   Code   RO         2820    i.HAL_TIM_PWM_ConfigChannel  stm32l4xx_hal_tim.o
    0x08002a52   0x08002a52   0x00000062   Code   RO         2823    i.HAL_TIM_PWM_Init  stm32l4xx_hal_tim.o
    0x08002ab4   0x08002ab4   0x00000028   Code   RO          364    i.HAL_TIM_PWM_MspInit  tim.o
    0x08002adc   0x08002adc   0x00000002   Code   RO         2826    i.HAL_TIM_PWM_PulseFinishedCallback  stm32l4xx_hal_tim.o
    0x08002ade   0x08002ade   0x00000002   PAD
    0x08002ae0   0x08002ae0   0x00000104   Code   RO         2828    i.HAL_TIM_PWM_Start  stm32l4xx_hal_tim.o
    0x08002be4   0x08002be4   0x000000a0   Code   RO           15    i.HAL_TIM_PeriodElapsedCallback  main.o
    0x08002c84   0x08002c84   0x00000002   Code   RO         2839    i.HAL_TIM_TriggerCallback  stm32l4xx_hal_tim.o
    0x08002c86   0x08002c86   0x00000002   Code   RO         3756    i.HAL_UARTEx_RxEventCallback  stm32l4xx_hal_uart.o
    0x08002c88   0x08002c88   0x00000002   Code   RO         4149    i.HAL_UARTEx_WakeupCallback  stm32l4xx_hal_uart_ex.o
    0x08002c8a   0x08002c8a   0x00000002   Code   RO         3772    i.HAL_UART_ErrorCallback  stm32l4xx_hal_uart.o
    0x08002c8c   0x08002c8c   0x00000294   Code   RO         3775    i.HAL_UART_IRQHandler  stm32l4xx_hal_uart.o
    0x08002f20   0x08002f20   0x00000066   Code   RO         3776    i.HAL_UART_Init     stm32l4xx_hal_uart.o
    0x08002f86   0x08002f86   0x00000002   PAD
    0x08002f88   0x08002f88   0x00000158   Code   RO          439    i.HAL_UART_MspInit  usart.o
    0x080030e0   0x080030e0   0x00000054   Code   RO         3781    i.HAL_UART_Receive_IT  stm32l4xx_hal_uart.o
    0x08003134   0x08003134   0x0000008c   Code   RO          440    i.HAL_UART_RxCpltCallback  usart.o
    0x080031c0   0x080031c0   0x000000b6   Code   RO         3785    i.HAL_UART_Transmit  stm32l4xx_hal_uart.o
    0x08003276   0x08003276   0x00000002   Code   RO         3788    i.HAL_UART_TxCpltCallback  stm32l4xx_hal_uart.o
    0x08003278   0x08003278   0x00000002   Code   RO          502    i.HardFault_Handler  stm32l4xx_it.o
    0x0800327a   0x0800327a   0x00000002   PAD
    0x0800327c   0x0800327c   0x0000002c   Code   RO         4308    i.LCD_ShowText      hmi.o
    0x080032a8   0x080032a8   0x00000224   Code   RO         4263    i.MQTT_Connect_new  mqtt.o
    0x080034cc   0x080034cc   0x0000004c   Code   RO          254    i.MX_DAC1_Init      dac.o
    0x08003518   0x08003518   0x0000001c   Code   RO          294    i.MX_DMA_Init       dma.o
    0x08003534   0x08003534   0x000000a0   Code   RO          228    i.MX_GPIO_Init      gpio.o
    0x080035d4   0x080035d4   0x00000094   Code   RO          320    i.MX_RTC_Init       rtc.o
    0x08003668   0x08003668   0x000000a4   Code   RO          365    i.MX_TIM15_Init     tim.o
    0x0800370c   0x0800370c   0x00000038   Code   RO          366    i.MX_TIM16_Init     tim.o
    0x08003744   0x08003744   0x00000048   Code   RO          367    i.MX_TIM6_Init      tim.o
    0x0800378c   0x0800378c   0x0000004c   Code   RO          368    i.MX_TIM7_Init      tim.o
    0x080037d8   0x080037d8   0x0000003c   Code   RO          441    i.MX_USART1_UART_Init  usart.o
    0x08003814   0x08003814   0x0000003c   Code   RO          442    i.MX_USART2_UART_Init  usart.o
    0x08003850   0x08003850   0x0000003c   Code   RO          443    i.MX_USART3_UART_Init  usart.o
    0x0800388c   0x0800388c   0x00000002   Code   RO          503    i.MemManage_Handler  stm32l4xx_it.o
    0x0800388e   0x0800388e   0x00000002   Code   RO          504    i.NMI_Handler       stm32l4xx_it.o
    0x08003890   0x08003890   0x00000002   Code   RO          505    i.PendSV_Handler    stm32l4xx_it.o
    0x08003892   0x08003892   0x00000002   PAD
    0x08003894   0x08003894   0x0000012c   Code   RO         1241    i.RCCEx_PLLSAI1_Config  stm32l4xx_hal_rcc_ex.o
    0x080039c0   0x080039c0   0x00000108   Code   RO         1242    i.RCCEx_PLLSAI2_Config  stm32l4xx_hal_rcc_ex.o
    0x08003ac8   0x08003ac8   0x0000007c   Code   RO         1129    i.RCC_SetFlashLatencyFromMSIRange  stm32l4xx_hal_rcc.o
    0x08003b44   0x08003b44   0x00000012   Code   RO         2355    i.RTC_Bcd2ToByte    stm32l4xx_hal_rtc.o
    0x08003b56   0x08003b56   0x00000018   Code   RO         2356    i.RTC_ByteToBcd2    stm32l4xx_hal_rtc.o
    0x08003b6e   0x08003b6e   0x00000002   PAD
    0x08003b70   0x08003b70   0x00000046   Code   RO         2357    i.RTC_EnterInitMode  stm32l4xx_hal_rtc.o
    0x08003bb6   0x08003bb6   0x00000002   PAD
    0x08003bb8   0x08003bb8   0x00000058   Code   RO         2358    i.RTC_ExitInitMode  stm32l4xx_hal_rtc.o
    0x08003c10   0x08003c10   0x00000002   Code   RO          506    i.SVC_Handler       stm32l4xx_it.o
    0x08003c12   0x08003c12   0x00000004   Code   RO          507    i.SysTick_Handler   stm32l4xx_it.o
    0x08003c16   0x08003c16   0x00000002   PAD
    0x08003c18   0x08003c18   0x00000088   Code   RO           16    i.SystemClock_Config  main.o
    0x08003ca0   0x08003ca0   0x00000010   Code   RO         4224    i.SystemInit        system_stm32l4xx.o
    0x08003cb0   0x08003cb0   0x0000000c   Code   RO          508    i.TIM1_UP_TIM16_IRQHandler  stm32l4xx_it.o
    0x08003cbc   0x08003cbc   0x0000000c   Code   RO          509    i.TIM7_IRQHandler   stm32l4xx_it.o
    0x08003cc8   0x08003cc8   0x000000c0   Code   RO         2841    i.TIM_Base_SetConfig  stm32l4xx_hal_tim.o
    0x08003d88   0x08003d88   0x0000001a   Code   RO         2842    i.TIM_CCxChannelCmd  stm32l4xx_hal_tim.o
    0x08003da2   0x08003da2   0x00000002   PAD
    0x08003da4   0x08003da4   0x0000009c   Code   RO         2854    i.TIM_OC1_SetConfig  stm32l4xx_hal_tim.o
    0x08003e40   0x08003e40   0x00000090   Code   RO         2855    i.TIM_OC2_SetConfig  stm32l4xx_hal_tim.o
    0x08003ed0   0x08003ed0   0x00000090   Code   RO         2856    i.TIM_OC3_SetConfig  stm32l4xx_hal_tim.o
    0x08003f60   0x08003f60   0x00000074   Code   RO         2857    i.TIM_OC4_SetConfig  stm32l4xx_hal_tim.o
    0x08003fd4   0x08003fd4   0x00000070   Code   RO         2858    i.TIM_OC5_SetConfig  stm32l4xx_hal_tim.o
    0x08004044   0x08004044   0x00000070   Code   RO         2859    i.TIM_OC6_SetConfig  stm32l4xx_hal_tim.o
    0x080040b4   0x080040b4   0x000000c8   Code   RO         3790    i.UART_AdvFeatureConfig  stm32l4xx_hal_uart.o
    0x0800417c   0x0800417c   0x0000005c   Code   RO         3791    i.UART_CheckIdleState  stm32l4xx_hal_uart.o
    0x080041d8   0x080041d8   0x00000014   Code   RO         3792    i.UART_DMAAbortOnError  stm32l4xx_hal_uart.o
    0x080041ec   0x080041ec   0x0000004a   Code   RO         3802    i.UART_EndRxTransfer  stm32l4xx_hal_uart.o
    0x08004236   0x08004236   0x0000009e   Code   RO         3804    i.UART_RxISR_16BIT  stm32l4xx_hal_uart.o
    0x080042d4   0x080042d4   0x0000009e   Code   RO         3805    i.UART_RxISR_8BIT   stm32l4xx_hal_uart.o
    0x08004372   0x08004372   0x00000002   PAD
    0x08004374   0x08004374   0x00000248   Code   RO         3806    i.UART_SetConfig    stm32l4xx_hal_uart.o
    0x080045bc   0x080045bc   0x000000b8   Code   RO         3808    i.UART_Start_Receive_IT  stm32l4xx_hal_uart.o
    0x08004674   0x08004674   0x000000c6   Code   RO         3811    i.UART_WaitOnFlagUntilTimeout  stm32l4xx_hal_uart.o
    0x0800473a   0x0800473a   0x00000002   PAD
    0x0800473c   0x0800473c   0x0000000c   Code   RO          510    i.USART1_IRQHandler  stm32l4xx_it.o
    0x08004748   0x08004748   0x0000000c   Code   RO          511    i.USART2_IRQHandler  stm32l4xx_it.o
    0x08004754   0x08004754   0x0000000c   Code   RO          512    i.USART3_IRQHandler  stm32l4xx_it.o
    0x08004760   0x08004760   0x00000002   Code   RO          513    i.UsageFault_Handler  stm32l4xx_it.o
    0x08004762   0x08004762   0x00000002   PAD
    0x08004764   0x08004764   0x00000020   Code   RO         4515    i.__0printf$6       mc_w.l(printf6.o)
    0x08004784   0x08004784   0x00000028   Code   RO         4517    i.__0sprintf$6      mc_w.l(printf6.o)
    0x080047ac   0x080047ac   0x00000020   Code   RO         2144    i.__NVIC_SetPriority  stm32l4xx_hal_cortex.o
    0x080047cc   0x080047cc   0x0000000e   Code   RO         4682    i.__scatterload_copy  mc_w.l(handlers.o)
    0x080047da   0x080047da   0x00000002   Code   RO         4683    i.__scatterload_null  mc_w.l(handlers.o)
    0x080047dc   0x080047dc   0x0000000e   Code   RO         4684    i.__scatterload_zeroinit  mc_w.l(handlers.o)
    0x080047ea   0x080047ea   0x00000002   PAD
    0x080047ec   0x080047ec   0x000002f6   Code   RO         4522    i._printf_core      mc_w.l(printf6.o)
    0x08004ae2   0x08004ae2   0x00000024   Code   RO         4523    i._printf_post_padding  mc_w.l(printf6.o)
    0x08004b06   0x08004b06   0x0000002e   Code   RO         4524    i._printf_pre_padding  mc_w.l(printf6.o)
    0x08004b34   0x08004b34   0x0000000a   Code   RO         4526    i._sputc            mc_w.l(printf6.o)
    0x08004b3e   0x08004b3e   0x00000002   PAD
    0x08004b40   0x08004b40   0x00000018   Code   RO           17    i.fputc             main.o
    0x08004b58   0x08004b58   0x000002d4   Code   RO         4309    i.him_set           hmi.o
    0x08004e2c   0x08004e2c   0x0000056c   Code   RO           18    i.main              main.o
    0x08005398   0x08005398   0x00000170   Code   RO           19    i.updatetime        main.o
    0x08005508   0x08005508   0x00006a74   Data   RO           22    .constdata          main.o
    0x0800bf7c   0x0800bf7c   0x00000040   Data   RO         4225    .constdata          system_stm32l4xx.o
    0x0800bfbc   0x0800bfbc   0x00000008   Data   RO         4226    .constdata          system_stm32l4xx.o
    0x0800bfc4   0x0800bfc4   0x0000018c   Data   RO         4265    .constdata          mqtt.o
    0x0800c150   0x0800c150   0x00000040   Data   RO         4678    .constdata          mc_w.l(ctype_c.o)
    0x0800c190   0x0800c190   0x00000051   Data   RO         4312    .conststring        hmi.o
    0x0800c1e1   0x0800c1e1   0x00000003   PAD
    0x0800c1e4   0x0800c1e4   0x00000020   Data   RO         4680    Region$$Table       anon$$obj.o


    Execution Region RW_IRAM2 (Exec base: 0x10000000, Load base: 0x0800c244, Size: 0x00000000, Max: 0x00008000, ABSOLUTE)

    **** No section assigned to this execution region ****


    Execution Region RW_IRAM1 (Exec base: 0x20000000, Load base: 0x0800c204, Size: 0x00000e70, Max: 0x00018000, ABSOLUTE)

    Exec Addr    Load Addr    Size         Type   Attr      Idx    E Section Name        Object

    0x20000000   0x0800c204   0x00000010   Data   RW           23    .data               main.o
    0x20000010   0x0800c214   0x00000008   Data   RW          445    .data               usart.o
    0x20000018   0x0800c21c   0x0000000c   Data   RW          916    .data               stm32l4xx_hal.o
    0x20000024   0x0800c228   0x00000004   Data   RW         4227    .data               system_stm32l4xx.o
    0x20000028   0x0800c22c   0x00000014   Data   RW         4315    .data               hmi.o
    0x2000003c   0x0800c240   0x00000004   Data   RW         4643    .data               mc_w.l(stdout.o)
    0x20000040        -       0x000000dc   Zero   RW           20    .bss                main.o
    0x2000011c        -       0x0000005c   Zero   RW          255    .bss                dac.o
    0x20000178        -       0x00000024   Zero   RW          321    .bss                rtc.o
    0x2000019c        -       0x00000130   Zero   RW          369    .bss                tim.o
    0x200002cc        -       0x000005d8   Zero   RW          444    .bss                usart.o
    0x200008a4        -       0x000001cc   Zero   RW         4310    .bss                hmi.o
    0x20000a70        -       0x00000400   Zero   RW            1    STACK               startup_stm32l475xx.o


==============================================================================

Image component sizes


      Code (inc. data)   RO Data    RW Data    ZI Data      Debug   Object Name

       220         26          0          0         92       1762   dac.o
        28          6          0          0          0        746   dma.o
       160          8          0          0          0        971   gpio.o
       768        370         81         20        460       2261   hmi.o
      2356        932      27252         16        220     870527   main.o
       746        462        396          0          0       2386   mqtt.o
       216         16          0          0         36       1687   rtc.o
        36          8        392          0       1024        832   startup_stm32l475xx.o
       162         24          0         12          0      14353   stm32l4xx_hal.o
       198         14          0          0          0      33819   stm32l4xx_hal_cortex.o
       726         26          0          0          0       7637   stm32l4xx_hal_dac.o
        56          0          0          0          0       3917   stm32l4xx_hal_dac_ex.o
       502         14          0          0          0       4201   stm32l4xx_hal_dma.o
       586         42          0          0          0       3622   stm32l4xx_hal_gpio.o
        48          4          0          0          0        854   stm32l4xx_hal_msp.o
        16          4          0          0          0        543   stm32l4xx_hal_pwr.o
       120         20          0          0          0       1358   stm32l4xx_hal_pwr_ex.o
      1988         98          0          0          0       6896   stm32l4xx_hal_rcc.o
      1506         44          0          0          0       4036   stm32l4xx_hal_rcc_ex.o
       926         34          0          0          0       8139   stm32l4xx_hal_rtc.o
       178          0          0          0          0       1407   stm32l4xx_hal_rtc_ex.o
      2442        274          0          0          0      15940   stm32l4xx_hal_tim.o
       302         34          0          0          0       3960   stm32l4xx_hal_tim_ex.o
      2702         84          0          0          0      14633   stm32l4xx_hal_uart.o
         2          0          0          0          0       1004   stm32l4xx_hal_uart_ex.o
        86         30          0          0          0       6922   stm32l4xx_it.o
        16          4         72          4          0       1173   system_stm32l4xx.o
       616         72          0          0        304       4769   tim.o
       664         64          0          8       1496       4232   usart.o

    ----------------------------------------------------------------------
     18412       2714      28228         60       3632    1024587   Object Totals
         0          0         32          0          0          0   (incl. Generated)
        40          0          3          0          0          0   (incl. Padding)

    ----------------------------------------------------------------------

      Code (inc. data)   RO Data    RW Data    ZI Data      Debug   Library Member Name

        56          8          0          0          0         84   __0sscanf.o
        28          0          0          0          0         68   _chval.o
       822          6          0          0          0        112   _scanf.o
       338          0          0          0          0         96   _scanf_int.o
       230          0          0          0          0         96   _scanf_str.o
        64          0          0          0          0         84   _sgetc.o
        40          6         64          0          0         68   ctype_c.o
         0          0          0          0          0          0   entry.o
         0          0          0          0          0          0   entry10a.o
         0          0          0          0          0          0   entry11a.o
         4          0          0          0          0          0   entry12b.o
         8          4          0          0          0          0   entry2.o
         4          0          0          0          0          0   entry5.o
         0          0          0          0          0          0   entry7b.o
         0          0          0          0          0          0   entry8b.o
         8          4          0          0          0          0   entry9a.o
        30          0          0          0          0          0   handlers.o
        36          8          0          0          0         68   init.o
        10          0          0          0          0         68   isspace_c.o
        30          0          0          0          0         68   llshl.o
        32          0          0          0          0         68   llushr.o
        36          0          0          0          0        108   memseta.o
       922         20          0          0          0        504   printf6.o
        40          8          0          0          0         84   scanf_char.o
         0          0          0          4          0          0   stdout.o
        18          0          0          0          0         68   strcpy.o
        14          0          0          0          0         68   strlen.o
        36          0          0          0          0         80   strstr.o
        44          0          0          0          0         80   uidiv.o
       104          0          0          0          0         92   uldiv.o

    ----------------------------------------------------------------------
      2964         64         64          4          0       1964   Library Totals
        10          0          0          0          0          0   (incl. Padding)

    ----------------------------------------------------------------------

      Code (inc. data)   RO Data    RW Data    ZI Data      Debug   Library Name

      2954         64         64          4          0       1964   mc_w.l

    ----------------------------------------------------------------------
      2964         64         64          4          0       1964   Library Totals

    ----------------------------------------------------------------------

==============================================================================


      Code (inc. data)   RO Data    RW Data    ZI Data      Debug   

     21376       2778      28292         64       3632    1011915   Grand Totals
     21376       2778      28292         64       3632    1011915   ELF Image Totals
     21376       2778      28292         64          0          0   ROM Totals

==============================================================================

    Total RO  Size (Code + RO Data)                49668 (  48.50kB)
    Total RW  Size (RW Data + ZI Data)              3696 (   3.61kB)
    Total ROM Size (Code + RO Data + RW Data)      49732 (  48.57kB)

==============================================================================

